Command line invocation:
    /Applications/Xcode.app/Contents/Developer/usr/bin/xcodebuild test -project Virgo.xcodeproj -scheme Virgo -destination platform=macOS -configuration Debug "-only-testing:VirgoTests/MIDIEventRouterTests" ONLY_ACTIVE_ARCH=NO CODE_SIGNING_REQUIRED=NO CODE_SIGNING_ALLOWED=NO -enableCodeCoverage YES -destination-timeout 300 -derivedDataPath ./DerivedData

Build settings from command line:
    CODE_SIGNING_ALLOWED = NO
    CODE_SIGNING_REQUIRED = NO
    ONLY_ACTIVE_ARCH = NO

--- xcodebuild: WARNING: Using the first of multiple matching destinations:
{ platform:macOS, arch:arm64, id:00006000-001A492E2E62801E, name:My Mac }
{ platform:macOS, arch:x86_64, id:00006000-001A492E2E62801E, name:My Mac }
ComputePackagePrebuildTargetDependencyGraph

Prepare packages

CreateBuildRequest

SendProjectDescription

CreateBuildOperation

ComputeTargetDependencyGraph
note: Building targets in dependency order
note: Target dependency graph (3 targets)
    Target 'VirgoUITests' in project 'Virgo'
        ➜ Explicit dependency on target 'Virgo' in project 'Virgo'
    Target 'VirgoTests' in project 'Virgo'
        ➜ Explicit dependency on target 'Virgo' in project 'Virgo'
    Target 'Virgo' in project 'Virgo' (no dependencies)

GatherProvisioningInputs

CreateBuildDescription

ExecuteExternalTool /Applications/Xcode.app/Contents/Developer/Toolchains/XcodeDefault.xctoolchain/usr/bin/swiftc --version

ExecuteExternalTool /Applications/Xcode.app/Contents/Developer/Toolchains/XcodeDefault.xctoolchain/usr/bin/clang -v -E -dM -isysroot /Applications/Xcode.app/Contents/Developer/Platforms/MacOSX.platform/Developer/SDKs/MacOSX26.4.sdk -x c -c /dev/null

ExecuteExternalTool /Applications/Xcode.app/Contents/Developer/usr/bin/actool --version --output-format xml1

ExecuteExternalTool /Applications/Xcode.app/Contents/Developer/Toolchains/XcodeDefault.xctoolchain/usr/bin/ld -version_details

Build description signature: 3a7c120090166ecafabd3b6f1f9b1074
Build description path: /Users/chanwaichan/workspace/Virgo/.worktrees/midi-input-real-drum-gameplay/DerivedData/Build/Intermediates.noindex/XCBuildData/3a7c120090166ecafabd3b6f1f9b1074.xcbuilddata
ClangStatCache /Applications/Xcode.app/Contents/Developer/Toolchains/XcodeDefault.xctoolchain/usr/bin/clang-stat-cache /Applications/Xcode.app/Contents/Developer/Platforms/MacOSX.platform/Developer/SDKs/MacOSX26.4.sdk /Users/chanwaichan/workspace/Virgo/.worktrees/midi-input-real-drum-gameplay/DerivedData/SDKStatCaches.noindex/macosx26.4-25E236-30f9ca8789b706f8bd3fc906a70d770f.sdkstatcache
    cd /Users/chanwaichan/workspace/Virgo/.worktrees/midi-input-real-drum-gameplay/Virgo.xcodeproj
    /Applications/Xcode.app/Contents/Developer/Toolchains/XcodeDefault.xctoolchain/usr/bin/clang-stat-cache /Applications/Xcode.app/Contents/Developer/Platforms/MacOSX.platform/Developer/SDKs/MacOSX26.4.sdk -o /Users/chanwaichan/workspace/Virgo/.worktrees/midi-input-real-drum-gameplay/DerivedData/SDKStatCaches.noindex/macosx26.4-25E236-30f9ca8789b706f8bd3fc906a70d770f.sdkstatcache

note: Disabling hardened runtime with ad-hoc codesigning. (in target 'Virgo' from project 'Virgo')
SwiftDriver Virgo normal arm64 com.apple.xcode.tools.swift.compiler (in target 'Virgo' from project 'Virgo')
    cd /Users/chanwaichan/workspace/Virgo/.worktrees/midi-input-real-drum-gameplay
    builtin-SwiftDriver -- /Applications/Xcode.app/Contents/Developer/Toolchains/XcodeDefault.xctoolchain/usr/bin/swiftc -module-name Virgo -Onone @/Users/chanwaichan/workspace/Virgo/.worktrees/midi-input-real-drum-gameplay/DerivedData/Build/Intermediates.noindex/Virgo.build/Debug/Virgo.build/Objects-normal/arm64/Virgo.SwiftFileList -DDEBUG -enable-bare-slash-regex -enable-experimental-feature DebugDescriptionMacro -sdk /Applications/Xcode.app/Contents/Developer/Platforms/MacOSX.platform/Developer/SDKs/MacOSX26.4.sdk -target arm64-apple-macos14.0 -g -module-cache-path /Users/chanwaichan/workspace/Virgo/.worktrees/midi-input-real-drum-gameplay/DerivedData/ModuleCache.noindex -Xfrontend -serialize-debugging-options -profile-coverage-mapping -profile-generate -enable-testing -index-store-path /Users/chanwaichan/workspace/Virgo/.worktrees/midi-input-real-drum-gameplay/DerivedData/Index.noindex/DataStore -Xcc -D_LIBCPP_HARDENING_MODE\=_LIBCPP_HARDENING_MODE_DEBUG -swift-version 5 -I /Users/chanwaichan/workspace/Virgo/.worktrees/midi-input-real-drum-gameplay/DerivedData/Build/Products/Debug -F /Users/chanwaichan/workspace/Virgo/.worktrees/midi-input-real-drum-gameplay/DerivedData/Build/Products/Debug -emit-localized-strings -emit-localized-strings-path /Users/chanwaichan/workspace/Virgo/.worktrees/midi-input-real-drum-gameplay/DerivedData/Build/Intermediates.noindex/Virgo.build/Debug/Virgo.build/Objects-normal/arm64 -c -j10 -enable-batch-mode -incremental -Xcc -ivfsstatcache -Xcc /Users/chanwaichan/workspace/Virgo/.worktrees/midi-input-real-drum-gameplay/DerivedData/SDKStatCaches.noindex/macosx26.4-25E236-30f9ca8789b706f8bd3fc906a70d770f.sdkstatcache -output-file-map /Users/chanwaichan/workspace/Virgo/.worktrees/midi-input-real-drum-gameplay/DerivedData/Build/Intermediates.noindex/Virgo.build/Debug/Virgo.build/Objects-normal/arm64/Virgo-OutputFileMap.json -use-frontend-parseable-output -save-temps -no-color-diagnostics -explicit-module-build -module-cache-path /Users/chanwaichan/workspace/Virgo/.worktrees/midi-input-real-drum-gameplay/DerivedData/Build/Intermediates.noindex/SwiftExplicitPrecompiledModules -clang-scanner-module-cache-path /Users/chanwaichan/workspace/Virgo/.worktrees/midi-input-real-drum-gameplay/DerivedData/ModuleCache.noindex -sdk-module-cache-path /Users/chanwaichan/workspace/Virgo/.worktrees/midi-input-real-drum-gameplay/DerivedData/ModuleCache.noindex -serialize-diagnostics -emit-dependencies -emit-module -emit-module-path /Users/chanwaichan/workspace/Virgo/.worktrees/midi-input-real-drum-gameplay/DerivedData/Build/Intermediates.noindex/Virgo.build/Debug/Virgo.build/Objects-normal/arm64/Virgo.swiftmodule -validate-clang-modules-once -clang-build-session-file /Users/chanwaichan/workspace/Virgo/.worktrees/midi-input-real-drum-gameplay/DerivedData/ModuleCache.noindex/Session.modulevalidation -Xcc -I/Users/chanwaichan/workspace/Virgo/.worktrees/midi-input-real-drum-gameplay/DerivedData/Build/Intermediates.noindex/Virgo.build/Debug/Virgo.build/swift-overrides.hmap -emit-const-values -Xfrontend -const-gather-protocols-file -Xfrontend /Users/chanwaichan/workspace/Virgo/.worktrees/midi-input-real-drum-gameplay/DerivedData/Build/Intermediates.noindex/Virgo.build/Debug/Virgo.build/Objects-normal/arm64/Virgo_const_extract_protocols.json -Xcc -iquote -Xcc /Users/chanwaichan/workspace/Virgo/.worktrees/midi-input-real-drum-gameplay/DerivedData/Build/Intermediates.noindex/Virgo.build/Debug/Virgo.build/Virgo-generated-files.hmap -Xcc -I/Users/chanwaichan/workspace/Virgo/.worktrees/midi-input-real-drum-gameplay/DerivedData/Build/Intermediates.noindex/Virgo.build/Debug/Virgo.build/Virgo-own-target-headers.hmap -Xcc -I/Users/chanwaichan/workspace/Virgo/.worktrees/midi-input-real-drum-gameplay/DerivedData/Build/Intermediates.noindex/Virgo.build/Debug/Virgo.build/Virgo-all-target-headers.hmap -Xcc -iquote -Xcc /Users/chanwaichan/workspace/Virgo/.worktrees/midi-input-real-drum-gameplay/DerivedData/Build/Intermediates.noindex/Virgo.build/Debug/Virgo.build/Virgo-project-headers.hmap -Xcc -I/Users/chanwaichan/workspace/Virgo/.worktrees/midi-input-real-drum-gameplay/DerivedData/Build/Products/Debug/include -Xcc -I/Users/chanwaichan/workspace/Virgo/.worktrees/midi-input-real-drum-gameplay/DerivedData/Build/Intermediates.noindex/Virgo.build/Debug/Virgo.build/DerivedSources-normal/arm64 -Xcc -I/Users/chanwaichan/workspace/Virgo/.worktrees/midi-input-real-drum-gameplay/DerivedData/Build/Intermediates.noindex/Virgo.build/Debug/Virgo.build/DerivedSources/arm64 -Xcc -I/Users/chanwaichan/workspace/Virgo/.worktrees/midi-input-real-drum-gameplay/DerivedData/Build/Intermediates.noindex/Virgo.build/Debug/Virgo.build/DerivedSources -Xcc -DDEBUG\=1 -emit-objc-header -emit-objc-header-path /Users/chanwaichan/workspace/Virgo/.worktrees/midi-input-real-drum-gameplay/DerivedData/Build/Intermediates.noindex/Virgo.build/Debug/Virgo.build/Objects-normal/arm64/Virgo-Swift.h -working-directory /Users/chanwaichan/workspace/Virgo/.worktrees/midi-input-real-drum-gameplay -experimental-emit-module-separately -disable-cmo

SwiftDriver Virgo normal x86_64 com.apple.xcode.tools.swift.compiler (in target 'Virgo' from project 'Virgo')
    cd /Users/chanwaichan/workspace/Virgo/.worktrees/midi-input-real-drum-gameplay
    builtin-SwiftDriver -- /Applications/Xcode.app/Contents/Developer/Toolchains/XcodeDefault.xctoolchain/usr/bin/swiftc -module-name Virgo -Onone @/Users/chanwaichan/workspace/Virgo/.worktrees/midi-input-real-drum-gameplay/DerivedData/Build/Intermediates.noindex/Virgo.build/Debug/Virgo.build/Objects-normal/x86_64/Virgo.SwiftFileList -DDEBUG -enable-bare-slash-regex -enable-experimental-feature DebugDescriptionMacro -sdk /Applications/Xcode.app/Contents/Developer/Platforms/MacOSX.platform/Developer/SDKs/MacOSX26.4.sdk -target x86_64-apple-macos14.0 -g -module-cache-path /Users/chanwaichan/workspace/Virgo/.worktrees/midi-input-real-drum-gameplay/DerivedData/ModuleCache.noindex -Xfrontend -serialize-debugging-options -profile-coverage-mapping -profile-generate -enable-testing -index-store-path /Users/chanwaichan/workspace/Virgo/.worktrees/midi-input-real-drum-gameplay/DerivedData/Index.noindex/DataStore -Xcc -D_LIBCPP_HARDENING_MODE\=_LIBCPP_HARDENING_MODE_DEBUG -swift-version 5 -I /Users/chanwaichan/workspace/Virgo/.worktrees/midi-input-real-drum-gameplay/DerivedData/Build/Products/Debug -F /Users/chanwaichan/workspace/Virgo/.worktrees/midi-input-real-drum-gameplay/DerivedData/Build/Products/Debug -emit-localized-strings -emit-localized-strings-path /Users/chanwaichan/workspace/Virgo/.worktrees/midi-input-real-drum-gameplay/DerivedData/Build/Intermediates.noindex/Virgo.build/Debug/Virgo.build/Objects-normal/x86_64 -c -j10 -enable-batch-mode -incremental -Xcc -ivfsstatcache -Xcc /Users/chanwaichan/workspace/Virgo/.worktrees/midi-input-real-drum-gameplay/DerivedData/SDKStatCaches.noindex/macosx26.4-25E236-30f9ca8789b706f8bd3fc906a70d770f.sdkstatcache -output-file-map /Users/chanwaichan/workspace/Virgo/.worktrees/midi-input-real-drum-gameplay/DerivedData/Build/Intermediates.noindex/Virgo.build/Debug/Virgo.build/Objects-normal/x86_64/Virgo-OutputFileMap.json -use-frontend-parseable-output -save-temps -no-color-diagnostics -explicit-module-build -module-cache-path /Users/chanwaichan/workspace/Virgo/.worktrees/midi-input-real-drum-gameplay/DerivedData/Build/Intermediates.noindex/SwiftExplicitPrecompiledModules -clang-scanner-module-cache-path /Users/chanwaichan/workspace/Virgo/.worktrees/midi-input-real-drum-gameplay/DerivedData/ModuleCache.noindex -sdk-module-cache-path /Users/chanwaichan/workspace/Virgo/.worktrees/midi-input-real-drum-gameplay/DerivedData/ModuleCache.noindex -serialize-diagnostics -emit-dependencies -emit-module -emit-module-path /Users/chanwaichan/workspace/Virgo/.worktrees/midi-input-real-drum-gameplay/DerivedData/Build/Intermediates.noindex/Virgo.build/Debug/Virgo.build/Objects-normal/x86_64/Virgo.swiftmodule -validate-clang-modules-once -clang-build-session-file /Users/chanwaichan/workspace/Virgo/.worktrees/midi-input-real-drum-gameplay/DerivedData/ModuleCache.noindex/Session.modulevalidation -Xcc -I/Users/chanwaichan/workspace/Virgo/.worktrees/midi-input-real-drum-gameplay/DerivedData/Build/Intermediates.noindex/Virgo.build/Debug/Virgo.build/swift-overrides.hmap -emit-const-values -Xfrontend -const-gather-protocols-file -Xfrontend /Users/chanwaichan/workspace/Virgo/.worktrees/midi-input-real-drum-gameplay/DerivedData/Build/Intermediates.noindex/Virgo.build/Debug/Virgo.build/Objects-normal/x86_64/Virgo_const_extract_protocols.json -Xcc -iquote -Xcc /Users/chanwaichan/workspace/Virgo/.worktrees/midi-input-real-drum-gameplay/DerivedData/Build/Intermediates.noindex/Virgo.build/Debug/Virgo.build/Virgo-generated-files.hmap -Xcc -I/Users/chanwaichan/workspace/Virgo/.worktrees/midi-input-real-drum-gameplay/DerivedData/Build/Intermediates.noindex/Virgo.build/Debug/Virgo.build/Virgo-own-target-headers.hmap -Xcc -I/Users/chanwaichan/workspace/Virgo/.worktrees/midi-input-real-drum-gameplay/DerivedData/Build/Intermediates.noindex/Virgo.build/Debug/Virgo.build/Virgo-all-target-headers.hmap -Xcc -iquote -Xcc /Users/chanwaichan/workspace/Virgo/.worktrees/midi-input-real-drum-gameplay/DerivedData/Build/Intermediates.noindex/Virgo.build/Debug/Virgo.build/Virgo-project-headers.hmap -Xcc -I/Users/chanwaichan/workspace/Virgo/.worktrees/midi-input-real-drum-gameplay/DerivedData/Build/Products/Debug/include -Xcc -I/Users/chanwaichan/workspace/Virgo/.worktrees/midi-input-real-drum-gameplay/DerivedData/Build/Intermediates.noindex/Virgo.build/Debug/Virgo.build/DerivedSources-normal/x86_64 -Xcc -I/Users/chanwaichan/workspace/Virgo/.worktrees/midi-input-real-drum-gameplay/DerivedData/Build/Intermediates.noindex/Virgo.build/Debug/Virgo.build/DerivedSources/x86_64 -Xcc -I/Users/chanwaichan/workspace/Virgo/.worktrees/midi-input-real-drum-gameplay/DerivedData/Build/Intermediates.noindex/Virgo.build/Debug/Virgo.build/DerivedSources -Xcc -DDEBUG\=1 -emit-objc-header -emit-objc-header-path /Users/chanwaichan/workspace/Virgo/.worktrees/midi-input-real-drum-gameplay/DerivedData/Build/Intermediates.noindex/Virgo.build/Debug/Virgo.build/Objects-normal/x86_64/Virgo-Swift.h -working-directory /Users/chanwaichan/workspace/Virgo/.worktrees/midi-input-real-drum-gameplay -experimental-emit-module-separately -disable-cmo

SwiftEmitModule normal arm64 Emitting\ module\ for\ Virgo (in target 'Virgo' from project 'Virgo')

EmitSwiftModule normal arm64 (in target 'Virgo' from project 'Virgo')
    cd /Users/chanwaichan/workspace/Virgo/.worktrees/midi-input-real-drum-gameplay
    

SwiftEmitModule normal x86_64 Emitting\ module\ for\ Virgo (in target 'Virgo' from project 'Virgo')

EmitSwiftModule normal x86_64 (in target 'Virgo' from project 'Virgo')
    cd /Users/chanwaichan/workspace/Virgo/.worktrees/midi-input-real-drum-gameplay
    

SwiftCompile normal x86_64 Compiling\ MIDIEventRouter.swift /Users/chanwaichan/workspace/Virgo/.worktrees/midi-input-real-drum-gameplay/Virgo/utilities/MIDIEventRouter.swift (in target 'Virgo' from project 'Virgo')

SwiftCompile normal x86_64 /Users/chanwaichan/workspace/Virgo/.worktrees/midi-input-real-drum-gameplay/Virgo/utilities/MIDIEventRouter.swift (in target 'Virgo' from project 'Virgo')
    cd /Users/chanwaichan/workspace/Virgo/.worktrees/midi-input-real-drum-gameplay
    

SwiftCompile normal arm64 Compiling\ MIDIEventRouter.swift /Users/chanwaichan/workspace/Virgo/.worktrees/midi-input-real-drum-gameplay/Virgo/utilities/MIDIEventRouter.swift (in target 'Virgo' from project 'Virgo')

SwiftCompile normal arm64 /Users/chanwaichan/workspace/Virgo/.worktrees/midi-input-real-drum-gameplay/Virgo/utilities/MIDIEventRouter.swift (in target 'Virgo' from project 'Virgo')
    cd /Users/chanwaichan/workspace/Virgo/.worktrees/midi-input-real-drum-gameplay
    

SwiftDriverJobDiscovery normal arm64 Compiling MIDIEventRouter.swift (in target 'Virgo' from project 'Virgo')

SwiftDriverJobDiscovery normal x86_64 Compiling MIDIEventRouter.swift (in target 'Virgo' from project 'Virgo')

SwiftDriver\ Compilation Virgo normal x86_64 com.apple.xcode.tools.swift.compiler (in target 'Virgo' from project 'Virgo')
    cd /Users/chanwaichan/workspace/Virgo/.worktrees/midi-input-real-drum-gameplay
    builtin-Swift-Compilation -- /Applications/Xcode.app/Contents/Developer/Toolchains/XcodeDefault.xctoolchain/usr/bin/swiftc -module-name Virgo -Onone @/Users/chanwaichan/workspace/Virgo/.worktrees/midi-input-real-drum-gameplay/DerivedData/Build/Intermediates.noindex/Virgo.build/Debug/Virgo.build/Objects-normal/x86_64/Virgo.SwiftFileList -DDEBUG -enable-bare-slash-regex -enable-experimental-feature DebugDescriptionMacro -sdk /Applications/Xcode.app/Contents/Developer/Platforms/MacOSX.platform/Developer/SDKs/MacOSX26.4.sdk -target x86_64-apple-macos14.0 -g -module-cache-path /Users/chanwaichan/workspace/Virgo/.worktrees/midi-input-real-drum-gameplay/DerivedData/ModuleCache.noindex -Xfrontend -serialize-debugging-options -profile-coverage-mapping -profile-generate -enable-testing -index-store-path /Users/chanwaichan/workspace/Virgo/.worktrees/midi-input-real-drum-gameplay/DerivedData/Index.noindex/DataStore -Xcc -D_LIBCPP_HARDENING_MODE\=_LIBCPP_HARDENING_MODE_DEBUG -swift-version 5 -I /Users/chanwaichan/workspace/Virgo/.worktrees/midi-input-real-drum-gameplay/DerivedData/Build/Products/Debug -F /Users/chanwaichan/workspace/Virgo/.worktrees/midi-input-real-drum-gameplay/DerivedData/Build/Products/Debug -emit-localized-strings -emit-localized-strings-path /Users/chanwaichan/workspace/Virgo/.worktrees/midi-input-real-drum-gameplay/DerivedData/Build/Intermediates.noindex/Virgo.build/Debug/Virgo.build/Objects-normal/x86_64 -c -j10 -enable-batch-mode -incremental -Xcc -ivfsstatcache -Xcc /Users/chanwaichan/workspace/Virgo/.worktrees/midi-input-real-drum-gameplay/DerivedData/SDKStatCaches.noindex/macosx26.4-25E236-30f9ca8789b706f8bd3fc906a70d770f.sdkstatcache -output-file-map /Users/chanwaichan/workspace/Virgo/.worktrees/midi-input-real-drum-gameplay/DerivedData/Build/Intermediates.noindex/Virgo.build/Debug/Virgo.build/Objects-normal/x86_64/Virgo-OutputFileMap.json -use-frontend-parseable-output -save-temps -no-color-diagnostics -explicit-module-build -module-cache-path /Users/chanwaichan/workspace/Virgo/.worktrees/midi-input-real-drum-gameplay/DerivedData/Build/Intermediates.noindex/SwiftExplicitPrecompiledModules -clang-scanner-module-cache-path /Users/chanwaichan/workspace/Virgo/.worktrees/midi-input-real-drum-gameplay/DerivedData/ModuleCache.noindex -sdk-module-cache-path /Users/chanwaichan/workspace/Virgo/.worktrees/midi-input-real-drum-gameplay/DerivedData/ModuleCache.noindex -serialize-diagnostics -emit-dependencies -emit-module -emit-module-path /Users/chanwaichan/workspace/Virgo/.worktrees/midi-input-real-drum-gameplay/DerivedData/Build/Intermediates.noindex/Virgo.build/Debug/Virgo.build/Objects-normal/x86_64/Virgo.swiftmodule -validate-clang-modules-once -clang-build-session-file /Users/chanwaichan/workspace/Virgo/.worktrees/midi-input-real-drum-gameplay/DerivedData/ModuleCache.noindex/Session.modulevalidation -Xcc -I/Users/chanwaichan/workspace/Virgo/.worktrees/midi-input-real-drum-gameplay/DerivedData/Build/Intermediates.noindex/Virgo.build/Debug/Virgo.build/swift-overrides.hmap -emit-const-values -Xfrontend -const-gather-protocols-file -Xfrontend /Users/chanwaichan/workspace/Virgo/.worktrees/midi-input-real-drum-gameplay/DerivedData/Build/Intermediates.noindex/Virgo.build/Debug/Virgo.build/Objects-normal/x86_64/Virgo_const_extract_protocols.json -Xcc -iquote -Xcc /Users/chanwaichan/workspace/Virgo/.worktrees/midi-input-real-drum-gameplay/DerivedData/Build/Intermediates.noindex/Virgo.build/Debug/Virgo.build/Virgo-generated-files.hmap -Xcc -I/Users/chanwaichan/workspace/Virgo/.worktrees/midi-input-real-drum-gameplay/DerivedData/Build/Intermediates.noindex/Virgo.build/Debug/Virgo.build/Virgo-own-target-headers.hmap -Xcc -I/Users/chanwaichan/workspace/Virgo/.worktrees/midi-input-real-drum-gameplay/DerivedData/Build/Intermediates.noindex/Virgo.build/Debug/Virgo.build/Virgo-all-target-headers.hmap -Xcc -iquote -Xcc /Users/chanwaichan/workspace/Virgo/.worktrees/midi-input-real-drum-gameplay/DerivedData/Build/Intermediates.noindex/Virgo.build/Debug/Virgo.build/Virgo-project-headers.hmap -Xcc -I/Users/chanwaichan/workspace/Virgo/.worktrees/midi-input-real-drum-gameplay/DerivedData/Build/Products/Debug/include -Xcc -I/Users/chanwaichan/workspace/Virgo/.worktrees/midi-input-real-drum-gameplay/DerivedData/Build/Intermediates.noindex/Virgo.build/Debug/Virgo.build/DerivedSources-normal/x86_64 -Xcc -I/Users/chanwaichan/workspace/Virgo/.worktrees/midi-input-real-drum-gameplay/DerivedData/Build/Intermediates.noindex/Virgo.build/Debug/Virgo.build/DerivedSources/x86_64 -Xcc -I/Users/chanwaichan/workspace/Virgo/.worktrees/midi-input-real-drum-gameplay/DerivedData/Build/Intermediates.noindex/Virgo.build/Debug/Virgo.build/DerivedSources -Xcc -DDEBUG\=1 -emit-objc-header -emit-objc-header-path /Users/chanwaichan/workspace/Virgo/.worktrees/midi-input-real-drum-gameplay/DerivedData/Build/Intermediates.noindex/Virgo.build/Debug/Virgo.build/Objects-normal/x86_64/Virgo-Swift.h -working-directory /Users/chanwaichan/workspace/Virgo/.worktrees/midi-input-real-drum-gameplay -experimental-emit-module-separately -disable-cmo

SwiftDriverJobDiscovery normal arm64 Emitting module for Virgo (in target 'Virgo' from project 'Virgo')

SwiftDriver\ Compilation\ Requirements Virgo normal arm64 com.apple.xcode.tools.swift.compiler (in target 'Virgo' from project 'Virgo')
    cd /Users/chanwaichan/workspace/Virgo/.worktrees/midi-input-real-drum-gameplay
    builtin-Swift-Compilation-Requirements -- /Applications/Xcode.app/Contents/Developer/Toolchains/XcodeDefault.xctoolchain/usr/bin/swiftc -module-name Virgo -Onone @/Users/chanwaichan/workspace/Virgo/.worktrees/midi-input-real-drum-gameplay/DerivedData/Build/Intermediates.noindex/Virgo.build/Debug/Virgo.build/Objects-normal/arm64/Virgo.SwiftFileList -DDEBUG -enable-bare-slash-regex -enable-experimental-feature DebugDescriptionMacro -sdk /Applications/Xcode.app/Contents/Developer/Platforms/MacOSX.platform/Developer/SDKs/MacOSX26.4.sdk -target arm64-apple-macos14.0 -g -module-cache-path /Users/chanwaichan/workspace/Virgo/.worktrees/midi-input-real-drum-gameplay/DerivedData/ModuleCache.noindex -Xfrontend -serialize-debugging-options -profile-coverage-mapping -profile-generate -enable-testing -index-store-path /Users/chanwaichan/workspace/Virgo/.worktrees/midi-input-real-drum-gameplay/DerivedData/Index.noindex/DataStore -Xcc -D_LIBCPP_HARDENING_MODE\=_LIBCPP_HARDENING_MODE_DEBUG -swift-version 5 -I /Users/chanwaichan/workspace/Virgo/.worktrees/midi-input-real-drum-gameplay/DerivedData/Build/Products/Debug -F /Users/chanwaichan/workspace/Virgo/.worktrees/midi-input-real-drum-gameplay/DerivedData/Build/Products/Debug -emit-localized-strings -emit-localized-strings-path /Users/chanwaichan/workspace/Virgo/.worktrees/midi-input-real-drum-gameplay/DerivedData/Build/Intermediates.noindex/Virgo.build/Debug/Virgo.build/Objects-normal/arm64 -c -j10 -enable-batch-mode -incremental -Xcc -ivfsstatcache -Xcc /Users/chanwaichan/workspace/Virgo/.worktrees/midi-input-real-drum-gameplay/DerivedData/SDKStatCaches.noindex/macosx26.4-25E236-30f9ca8789b706f8bd3fc906a70d770f.sdkstatcache -output-file-map /Users/chanwaichan/workspace/Virgo/.worktrees/midi-input-real-drum-gameplay/DerivedData/Build/Intermediates.noindex/Virgo.build/Debug/Virgo.build/Objects-normal/arm64/Virgo-OutputFileMap.json -use-frontend-parseable-output -save-temps -no-color-diagnostics -explicit-module-build -module-cache-path /Users/chanwaichan/workspace/Virgo/.worktrees/midi-input-real-drum-gameplay/DerivedData/Build/Intermediates.noindex/SwiftExplicitPrecompiledModules -clang-scanner-module-cache-path /Users/chanwaichan/workspace/Virgo/.worktrees/midi-input-real-drum-gameplay/DerivedData/ModuleCache.noindex -sdk-module-cache-path /Users/chanwaichan/workspace/Virgo/.worktrees/midi-input-real-drum-gameplay/DerivedData/ModuleCache.noindex -serialize-diagnostics -emit-dependencies -emit-module -emit-module-path /Users/chanwaichan/workspace/Virgo/.worktrees/midi-input-real-drum-gameplay/DerivedData/Build/Intermediates.noindex/Virgo.build/Debug/Virgo.build/Objects-normal/arm64/Virgo.swiftmodule -validate-clang-modules-once -clang-build-session-file /Users/chanwaichan/workspace/Virgo/.worktrees/midi-input-real-drum-gameplay/DerivedData/ModuleCache.noindex/Session.modulevalidation -Xcc -I/Users/chanwaichan/workspace/Virgo/.worktrees/midi-input-real-drum-gameplay/DerivedData/Build/Intermediates.noindex/Virgo.build/Debug/Virgo.build/swift-overrides.hmap -emit-const-values -Xfrontend -const-gather-protocols-file -Xfrontend /Users/chanwaichan/workspace/Virgo/.worktrees/midi-input-real-drum-gameplay/DerivedData/Build/Intermediates.noindex/Virgo.build/Debug/Virgo.build/Objects-normal/arm64/Virgo_const_extract_protocols.json -Xcc -iquote -Xcc /Users/chanwaichan/workspace/Virgo/.worktrees/midi-input-real-drum-gameplay/DerivedData/Build/Intermediates.noindex/Virgo.build/Debug/Virgo.build/Virgo-generated-files.hmap -Xcc -I/Users/chanwaichan/workspace/Virgo/.worktrees/midi-input-real-drum-gameplay/DerivedData/Build/Intermediates.noindex/Virgo.build/Debug/Virgo.build/Virgo-own-target-headers.hmap -Xcc -I/Users/chanwaichan/workspace/Virgo/.worktrees/midi-input-real-drum-gameplay/DerivedData/Build/Intermediates.noindex/Virgo.build/Debug/Virgo.build/Virgo-all-target-headers.hmap -Xcc -iquote -Xcc /Users/chanwaichan/workspace/Virgo/.worktrees/midi-input-real-drum-gameplay/DerivedData/Build/Intermediates.noindex/Virgo.build/Debug/Virgo.build/Virgo-project-headers.hmap -Xcc -I/Users/chanwaichan/workspace/Virgo/.worktrees/midi-input-real-drum-gameplay/DerivedData/Build/Products/Debug/include -Xcc -I/Users/chanwaichan/workspace/Virgo/.worktrees/midi-input-real-drum-gameplay/DerivedData/Build/Intermediates.noindex/Virgo.build/Debug/Virgo.build/DerivedSources-normal/arm64 -Xcc -I/Users/chanwaichan/workspace/Virgo/.worktrees/midi-input-real-drum-gameplay/DerivedData/Build/Intermediates.noindex/Virgo.build/Debug/Virgo.build/DerivedSources/arm64 -Xcc -I/Users/chanwaichan/workspace/Virgo/.worktrees/midi-input-real-drum-gameplay/DerivedData/Build/Intermediates.noindex/Virgo.build/Debug/Virgo.build/DerivedSources -Xcc -DDEBUG\=1 -emit-objc-header -emit-objc-header-path /Users/chanwaichan/workspace/Virgo/.worktrees/midi-input-real-drum-gameplay/DerivedData/Build/Intermediates.noindex/Virgo.build/Debug/Virgo.build/Objects-normal/arm64/Virgo-Swift.h -working-directory /Users/chanwaichan/workspace/Virgo/.worktrees/midi-input-real-drum-gameplay -experimental-emit-module-separately -disable-cmo

SwiftDriver\ Compilation Virgo normal arm64 com.apple.xcode.tools.swift.compiler (in target 'Virgo' from project 'Virgo')
    cd /Users/chanwaichan/workspace/Virgo/.worktrees/midi-input-real-drum-gameplay
    builtin-Swift-Compilation -- /Applications/Xcode.app/Contents/Developer/Toolchains/XcodeDefault.xctoolchain/usr/bin/swiftc -module-name Virgo -Onone @/Users/chanwaichan/workspace/Virgo/.worktrees/midi-input-real-drum-gameplay/DerivedData/Build/Intermediates.noindex/Virgo.build/Debug/Virgo.build/Objects-normal/arm64/Virgo.SwiftFileList -DDEBUG -enable-bare-slash-regex -enable-experimental-feature DebugDescriptionMacro -sdk /Applications/Xcode.app/Contents/Developer/Platforms/MacOSX.platform/Developer/SDKs/MacOSX26.4.sdk -target arm64-apple-macos14.0 -g -module-cache-path /Users/chanwaichan/workspace/Virgo/.worktrees/midi-input-real-drum-gameplay/DerivedData/ModuleCache.noindex -Xfrontend -serialize-debugging-options -profile-coverage-mapping -profile-generate -enable-testing -index-store-path /Users/chanwaichan/workspace/Virgo/.worktrees/midi-input-real-drum-gameplay/DerivedData/Index.noindex/DataStore -Xcc -D_LIBCPP_HARDENING_MODE\=_LIBCPP_HARDENING_MODE_DEBUG -swift-version 5 -I /Users/chanwaichan/workspace/Virgo/.worktrees/midi-input-real-drum-gameplay/DerivedData/Build/Products/Debug -F /Users/chanwaichan/workspace/Virgo/.worktrees/midi-input-real-drum-gameplay/DerivedData/Build/Products/Debug -emit-localized-strings -emit-localized-strings-path /Users/chanwaichan/workspace/Virgo/.worktrees/midi-input-real-drum-gameplay/DerivedData/Build/Intermediates.noindex/Virgo.build/Debug/Virgo.build/Objects-normal/arm64 -c -j10 -enable-batch-mode -incremental -Xcc -ivfsstatcache -Xcc /Users/chanwaichan/workspace/Virgo/.worktrees/midi-input-real-drum-gameplay/DerivedData/SDKStatCaches.noindex/macosx26.4-25E236-30f9ca8789b706f8bd3fc906a70d770f.sdkstatcache -output-file-map /Users/chanwaichan/workspace/Virgo/.worktrees/midi-input-real-drum-gameplay/DerivedData/Build/Intermediates.noindex/Virgo.build/Debug/Virgo.build/Objects-normal/arm64/Virgo-OutputFileMap.json -use-frontend-parseable-output -save-temps -no-color-diagnostics -explicit-module-build -module-cache-path /Users/chanwaichan/workspace/Virgo/.worktrees/midi-input-real-drum-gameplay/DerivedData/Build/Intermediates.noindex/SwiftExplicitPrecompiledModules -clang-scanner-module-cache-path /Users/chanwaichan/workspace/Virgo/.worktrees/midi-input-real-drum-gameplay/DerivedData/ModuleCache.noindex -sdk-module-cache-path /Users/chanwaichan/workspace/Virgo/.worktrees/midi-input-real-drum-gameplay/DerivedData/ModuleCache.noindex -serialize-diagnostics -emit-dependencies -emit-module -emit-module-path /Users/chanwaichan/workspace/Virgo/.worktrees/midi-input-real-drum-gameplay/DerivedData/Build/Intermediates.noindex/Virgo.build/Debug/Virgo.build/Objects-normal/arm64/Virgo.swiftmodule -validate-clang-modules-once -clang-build-session-file /Users/chanwaichan/workspace/Virgo/.worktrees/midi-input-real-drum-gameplay/DerivedData/ModuleCache.noindex/Session.modulevalidation -Xcc -I/Users/chanwaichan/workspace/Virgo/.worktrees/midi-input-real-drum-gameplay/DerivedData/Build/Intermediates.noindex/Virgo.build/Debug/Virgo.build/swift-overrides.hmap -emit-const-values -Xfrontend -const-gather-protocols-file -Xfrontend /Users/chanwaichan/workspace/Virgo/.worktrees/midi-input-real-drum-gameplay/DerivedData/Build/Intermediates.noindex/Virgo.build/Debug/Virgo.build/Objects-normal/arm64/Virgo_const_extract_protocols.json -Xcc -iquote -Xcc /Users/chanwaichan/workspace/Virgo/.worktrees/midi-input-real-drum-gameplay/DerivedData/Build/Intermediates.noindex/Virgo.build/Debug/Virgo.build/Virgo-generated-files.hmap -Xcc -I/Users/chanwaichan/workspace/Virgo/.worktrees/midi-input-real-drum-gameplay/DerivedData/Build/Intermediates.noindex/Virgo.build/Debug/Virgo.build/Virgo-own-target-headers.hmap -Xcc -I/Users/chanwaichan/workspace/Virgo/.worktrees/midi-input-real-drum-gameplay/DerivedData/Build/Intermediates.noindex/Virgo.build/Debug/Virgo.build/Virgo-all-target-headers.hmap -Xcc -iquote -Xcc /Users/chanwaichan/workspace/Virgo/.worktrees/midi-input-real-drum-gameplay/DerivedData/Build/Intermediates.noindex/Virgo.build/Debug/Virgo.build/Virgo-project-headers.hmap -Xcc -I/Users/chanwaichan/workspace/Virgo/.worktrees/midi-input-real-drum-gameplay/DerivedData/Build/Products/Debug/include -Xcc -I/Users/chanwaichan/workspace/Virgo/.worktrees/midi-input-real-drum-gameplay/DerivedData/Build/Intermediates.noindex/Virgo.build/Debug/Virgo.build/DerivedSources-normal/arm64 -Xcc -I/Users/chanwaichan/workspace/Virgo/.worktrees/midi-input-real-drum-gameplay/DerivedData/Build/Intermediates.noindex/Virgo.build/Debug/Virgo.build/DerivedSources/arm64 -Xcc -I/Users/chanwaichan/workspace/Virgo/.worktrees/midi-input-real-drum-gameplay/DerivedData/Build/Intermediates.noindex/Virgo.build/Debug/Virgo.build/DerivedSources -Xcc -DDEBUG\=1 -emit-objc-header -emit-objc-header-path /Users/chanwaichan/workspace/Virgo/.worktrees/midi-input-real-drum-gameplay/DerivedData/Build/Intermediates.noindex/Virgo.build/Debug/Virgo.build/Objects-normal/arm64/Virgo-Swift.h -working-directory /Users/chanwaichan/workspace/Virgo/.worktrees/midi-input-real-drum-gameplay -experimental-emit-module-separately -disable-cmo

Copy /Users/chanwaichan/workspace/Virgo/.worktrees/midi-input-real-drum-gameplay/DerivedData/Build/Products/Debug/Virgo.swiftmodule/arm64-apple-macos.swiftdoc /Users/chanwaichan/workspace/Virgo/.worktrees/midi-input-real-drum-gameplay/DerivedData/Build/Intermediates.noindex/Virgo.build/Debug/Virgo.build/Objects-normal/arm64/Virgo.swiftdoc (in target 'Virgo' from project 'Virgo')
    cd /Users/chanwaichan/workspace/Virgo/.worktrees/midi-input-real-drum-gameplay
    builtin-copy -exclude .DS_Store -exclude CVS -exclude .svn -exclude .git -exclude .hg -resolve-src-symlinks -rename /Users/chanwaichan/workspace/Virgo/.worktrees/midi-input-real-drum-gameplay/DerivedData/Build/Intermediates.noindex/Virgo.build/Debug/Virgo.build/Objects-normal/arm64/Virgo.swiftdoc /Users/chanwaichan/workspace/Virgo/.worktrees/midi-input-real-drum-gameplay/DerivedData/Build/Products/Debug/Virgo.swiftmodule/arm64-apple-macos.swiftdoc

SwiftDriverJobDiscovery normal x86_64 Emitting module for Virgo (in target 'Virgo' from project 'Virgo')

SwiftDriver\ Compilation\ Requirements Virgo normal x86_64 com.apple.xcode.tools.swift.compiler (in target 'Virgo' from project 'Virgo')
    cd /Users/chanwaichan/workspace/Virgo/.worktrees/midi-input-real-drum-gameplay
    builtin-Swift-Compilation-Requirements -- /Applications/Xcode.app/Contents/Developer/Toolchains/XcodeDefault.xctoolchain/usr/bin/swiftc -module-name Virgo -Onone @/Users/chanwaichan/workspace/Virgo/.worktrees/midi-input-real-drum-gameplay/DerivedData/Build/Intermediates.noindex/Virgo.build/Debug/Virgo.build/Objects-normal/x86_64/Virgo.SwiftFileList -DDEBUG -enable-bare-slash-regex -enable-experimental-feature DebugDescriptionMacro -sdk /Applications/Xcode.app/Contents/Developer/Platforms/MacOSX.platform/Developer/SDKs/MacOSX26.4.sdk -target x86_64-apple-macos14.0 -g -module-cache-path /Users/chanwaichan/workspace/Virgo/.worktrees/midi-input-real-drum-gameplay/DerivedData/ModuleCache.noindex -Xfrontend -serialize-debugging-options -profile-coverage-mapping -profile-generate -enable-testing -index-store-path /Users/chanwaichan/workspace/Virgo/.worktrees/midi-input-real-drum-gameplay/DerivedData/Index.noindex/DataStore -Xcc -D_LIBCPP_HARDENING_MODE\=_LIBCPP_HARDENING_MODE_DEBUG -swift-version 5 -I /Users/chanwaichan/workspace/Virgo/.worktrees/midi-input-real-drum-gameplay/DerivedData/Build/Products/Debug -F /Users/chanwaichan/workspace/Virgo/.worktrees/midi-input-real-drum-gameplay/DerivedData/Build/Products/Debug -emit-localized-strings -emit-localized-strings-path /Users/chanwaichan/workspace/Virgo/.worktrees/midi-input-real-drum-gameplay/DerivedData/Build/Intermediates.noindex/Virgo.build/Debug/Virgo.build/Objects-normal/x86_64 -c -j10 -enable-batch-mode -incremental -Xcc -ivfsstatcache -Xcc /Users/chanwaichan/workspace/Virgo/.worktrees/midi-input-real-drum-gameplay/DerivedData/SDKStatCaches.noindex/macosx26.4-25E236-30f9ca8789b706f8bd3fc906a70d770f.sdkstatcache -output-file-map /Users/chanwaichan/workspace/Virgo/.worktrees/midi-input-real-drum-gameplay/DerivedData/Build/Intermediates.noindex/Virgo.build/Debug/Virgo.build/Objects-normal/x86_64/Virgo-OutputFileMap.json -use-frontend-parseable-output -save-temps -no-color-diagnostics -explicit-module-build -module-cache-path /Users/chanwaichan/workspace/Virgo/.worktrees/midi-input-real-drum-gameplay/DerivedData/Build/Intermediates.noindex/SwiftExplicitPrecompiledModules -clang-scanner-module-cache-path /Users/chanwaichan/workspace/Virgo/.worktrees/midi-input-real-drum-gameplay/DerivedData/ModuleCache.noindex -sdk-module-cache-path /Users/chanwaichan/workspace/Virgo/.worktrees/midi-input-real-drum-gameplay/DerivedData/ModuleCache.noindex -serialize-diagnostics -emit-dependencies -emit-module -emit-module-path /Users/chanwaichan/workspace/Virgo/.worktrees/midi-input-real-drum-gameplay/DerivedData/Build/Intermediates.noindex/Virgo.build/Debug/Virgo.build/Objects-normal/x86_64/Virgo.swiftmodule -validate-clang-modules-once -clang-build-session-file /Users/chanwaichan/workspace/Virgo/.worktrees/midi-input-real-drum-gameplay/DerivedData/ModuleCache.noindex/Session.modulevalidation -Xcc -I/Users/chanwaichan/workspace/Virgo/.worktrees/midi-input-real-drum-gameplay/DerivedData/Build/Intermediates.noindex/Virgo.build/Debug/Virgo.build/swift-overrides.hmap -emit-const-values -Xfrontend -const-gather-protocols-file -Xfrontend /Users/chanwaichan/workspace/Virgo/.worktrees/midi-input-real-drum-gameplay/DerivedData/Build/Intermediates.noindex/Virgo.build/Debug/Virgo.build/Objects-normal/x86_64/Virgo_const_extract_protocols.json -Xcc -iquote -Xcc /Users/chanwaichan/workspace/Virgo/.worktrees/midi-input-real-drum-gameplay/DerivedData/Build/Intermediates.noindex/Virgo.build/Debug/Virgo.build/Virgo-generated-files.hmap -Xcc -I/Users/chanwaichan/workspace/Virgo/.worktrees/midi-input-real-drum-gameplay/DerivedData/Build/Intermediates.noindex/Virgo.build/Debug/Virgo.build/Virgo-own-target-headers.hmap -Xcc -I/Users/chanwaichan/workspace/Virgo/.worktrees/midi-input-real-drum-gameplay/DerivedData/Build/Intermediates.noindex/Virgo.build/Debug/Virgo.build/Virgo-all-target-headers.hmap -Xcc -iquote -Xcc /Users/chanwaichan/workspace/Virgo/.worktrees/midi-input-real-drum-gameplay/DerivedData/Build/Intermediates.noindex/Virgo.build/Debug/Virgo.build/Virgo-project-headers.hmap -Xcc -I/Users/chanwaichan/workspace/Virgo/.worktrees/midi-input-real-drum-gameplay/DerivedData/Build/Products/Debug/include -Xcc -I/Users/chanwaichan/workspace/Virgo/.worktrees/midi-input-real-drum-gameplay/DerivedData/Build/Intermediates.noindex/Virgo.build/Debug/Virgo.build/DerivedSources-normal/x86_64 -Xcc -I/Users/chanwaichan/workspace/Virgo/.worktrees/midi-input-real-drum-gameplay/DerivedData/Build/Intermediates.noindex/Virgo.build/Debug/Virgo.build/DerivedSources/x86_64 -Xcc -I/Users/chanwaichan/workspace/Virgo/.worktrees/midi-input-real-drum-gameplay/DerivedData/Build/Intermediates.noindex/Virgo.build/Debug/Virgo.build/DerivedSources -Xcc -DDEBUG\=1 -emit-objc-header -emit-objc-header-path /Users/chanwaichan/workspace/Virgo/.worktrees/midi-input-real-drum-gameplay/DerivedData/Build/Intermediates.noindex/Virgo.build/Debug/Virgo.build/Objects-normal/x86_64/Virgo-Swift.h -working-directory /Users/chanwaichan/workspace/Virgo/.worktrees/midi-input-real-drum-gameplay -experimental-emit-module-separately -disable-cmo

Copy /Users/chanwaichan/workspace/Virgo/.worktrees/midi-input-real-drum-gameplay/DerivedData/Build/Products/Debug/Virgo.swiftmodule/arm64-apple-macos.swiftmodule /Users/chanwaichan/workspace/Virgo/.worktrees/midi-input-real-drum-gameplay/DerivedData/Build/Intermediates.noindex/Virgo.build/Debug/Virgo.build/Objects-normal/arm64/Virgo.swiftmodule (in target 'Virgo' from project 'Virgo')
    cd /Users/chanwaichan/workspace/Virgo/.worktrees/midi-input-real-drum-gameplay
    builtin-copy -exclude .DS_Store -exclude CVS -exclude .svn -exclude .git -exclude .hg -resolve-src-symlinks -rename /Users/chanwaichan/workspace/Virgo/.worktrees/midi-input-real-drum-gameplay/DerivedData/Build/Intermediates.noindex/Virgo.build/Debug/Virgo.build/Objects-normal/arm64/Virgo.swiftmodule /Users/chanwaichan/workspace/Virgo/.worktrees/midi-input-real-drum-gameplay/DerivedData/Build/Products/Debug/Virgo.swiftmodule/arm64-apple-macos.swiftmodule

Copy /Users/chanwaichan/workspace/Virgo/.worktrees/midi-input-real-drum-gameplay/DerivedData/Build/Products/Debug/Virgo.swiftmodule/Project/arm64-apple-macos.swiftsourceinfo /Users/chanwaichan/workspace/Virgo/.worktrees/midi-input-real-drum-gameplay/DerivedData/Build/Intermediates.noindex/Virgo.build/Debug/Virgo.build/Objects-normal/arm64/Virgo.swiftsourceinfo (in target 'Virgo' from project 'Virgo')
    cd /Users/chanwaichan/workspace/Virgo/.worktrees/midi-input-real-drum-gameplay
    builtin-copy -exclude .DS_Store -exclude CVS -exclude .svn -exclude .git -exclude .hg -resolve-src-symlinks -rename /Users/chanwaichan/workspace/Virgo/.worktrees/midi-input-real-drum-gameplay/DerivedData/Build/Intermediates.noindex/Virgo.build/Debug/Virgo.build/Objects-normal/arm64/Virgo.swiftsourceinfo /Users/chanwaichan/workspace/Virgo/.worktrees/midi-input-real-drum-gameplay/DerivedData/Build/Products/Debug/Virgo.swiftmodule/Project/arm64-apple-macos.swiftsourceinfo

Copy /Users/chanwaichan/workspace/Virgo/.worktrees/midi-input-real-drum-gameplay/DerivedData/Build/Products/Debug/Virgo.swiftmodule/arm64-apple-macos.abi.json /Users/chanwaichan/workspace/Virgo/.worktrees/midi-input-real-drum-gameplay/DerivedData/Build/Intermediates.noindex/Virgo.build/Debug/Virgo.build/Objects-normal/arm64/Virgo.abi.json (in target 'Virgo' from project 'Virgo')
    cd /Users/chanwaichan/workspace/Virgo/.worktrees/midi-input-real-drum-gameplay
    builtin-copy -exclude .DS_Store -exclude CVS -exclude .svn -exclude .git -exclude .hg -resolve-src-symlinks -rename /Users/chanwaichan/workspace/Virgo/.worktrees/midi-input-real-drum-gameplay/DerivedData/Build/Intermediates.noindex/Virgo.build/Debug/Virgo.build/Objects-normal/arm64/Virgo.abi.json /Users/chanwaichan/workspace/Virgo/.worktrees/midi-input-real-drum-gameplay/DerivedData/Build/Products/Debug/Virgo.swiftmodule/arm64-apple-macos.abi.json

Ld /Users/chanwaichan/workspace/Virgo/.worktrees/midi-input-real-drum-gameplay/DerivedData/Build/Intermediates.noindex/Virgo.build/Debug/Virgo.build/Objects-normal/x86_64/Binary/Virgo.debug.dylib normal x86_64 (in target 'Virgo' from project 'Virgo')
    cd /Users/chanwaichan/workspace/Virgo/.worktrees/midi-input-real-drum-gameplay
    /Applications/Xcode.app/Contents/Developer/Toolchains/XcodeDefault.xctoolchain/usr/bin/clang -Xlinker -reproducible -target x86_64-apple-macos14.0 -dynamiclib -isysroot /Applications/Xcode.app/Contents/Developer/Platforms/MacOSX.platform/Developer/SDKs/MacOSX26.4.sdk -O0 -L/Users/chanwaichan/workspace/Virgo/.worktrees/midi-input-real-drum-gameplay/DerivedData/Build/Intermediates.noindex/EagerLinkingTBDs/Debug -L/Users/chanwaichan/workspace/Virgo/.worktrees/midi-input-real-drum-gameplay/DerivedData/Build/Products/Debug -F/Users/chanwaichan/workspace/Virgo/.worktrees/midi-input-real-drum-gameplay/DerivedData/Build/Intermediates.noindex/EagerLinkingTBDs/Debug -F/Users/chanwaichan/workspace/Virgo/.worktrees/midi-input-real-drum-gameplay/DerivedData/Build/Products/Debug -filelist /Users/chanwaichan/workspace/Virgo/.worktrees/midi-input-real-drum-gameplay/DerivedData/Build/Intermediates.noindex/Virgo.build/Debug/Virgo.build/Objects-normal/x86_64/Virgo.LinkFileList -install_name @rpath/Virgo.debug.dylib -Xlinker -rpath -Xlinker /usr/lib/swift -Xlinker -rpath -Xlinker @executable_path/../Frameworks -Xlinker -object_path_lto -Xlinker /Users/chanwaichan/workspace/Virgo/.worktrees/midi-input-real-drum-gameplay/DerivedData/Build/Intermediates.noindex/Virgo.build/Debug/Virgo.build/Objects-normal/x86_64/Virgo_lto.o -rdynamic -Xlinker -no_deduplicate -Xlinker -debug_variant -Xlinker -dependency_info -Xlinker /Users/chanwaichan/workspace/Virgo/.worktrees/midi-input-real-drum-gameplay/DerivedData/Build/Intermediates.noindex/Virgo.build/Debug/Virgo.build/Objects-normal/x86_64/Virgo_dependency_info.dat -fobjc-link-runtime -fprofile-instr-generate -L/Applications/Xcode.app/Contents/Developer/Toolchains/XcodeDefault.xctoolchain/usr/lib/swift/macosx -L/usr/lib/swift -Xlinker -add_ast_path -Xlinker /Users/chanwaichan/workspace/Virgo/.worktrees/midi-input-real-drum-gameplay/DerivedData/Build/Intermediates.noindex/Virgo.build/Debug/Virgo.build/Objects-normal/x86_64/Virgo.swiftmodule @/Users/chanwaichan/workspace/Virgo/.worktrees/midi-input-real-drum-gameplay/DerivedData/Build/Intermediates.noindex/Virgo.build/Debug/Virgo.build/Objects-normal/x86_64/Virgo-linker-args.resp -Xlinker -alias -Xlinker _main -Xlinker ___debug_main_executable_dylib_entry_point -o /Users/chanwaichan/workspace/Virgo/.worktrees/midi-input-real-drum-gameplay/DerivedData/Build/Intermediates.noindex/Virgo.build/Debug/Virgo.build/Objects-normal/x86_64/Binary/Virgo.debug.dylib

Copy /Users/chanwaichan/workspace/Virgo/.worktrees/midi-input-real-drum-gameplay/DerivedData/Build/Products/Debug/Virgo.swiftmodule/x86_64-apple-macos.swiftmodule /Users/chanwaichan/workspace/Virgo/.worktrees/midi-input-real-drum-gameplay/DerivedData/Build/Intermediates.noindex/Virgo.build/Debug/Virgo.build/Objects-normal/x86_64/Virgo.swiftmodule (in target 'Virgo' from project 'Virgo')
    cd /Users/chanwaichan/workspace/Virgo/.worktrees/midi-input-real-drum-gameplay
    builtin-copy -exclude .DS_Store -exclude CVS -exclude .svn -exclude .git -exclude .hg -resolve-src-symlinks -rename /Users/chanwaichan/workspace/Virgo/.worktrees/midi-input-real-drum-gameplay/DerivedData/Build/Intermediates.noindex/Virgo.build/Debug/Virgo.build/Objects-normal/x86_64/Virgo.swiftmodule /Users/chanwaichan/workspace/Virgo/.worktrees/midi-input-real-drum-gameplay/DerivedData/Build/Products/Debug/Virgo.swiftmodule/x86_64-apple-macos.swiftmodule

Copy /Users/chanwaichan/workspace/Virgo/.worktrees/midi-input-real-drum-gameplay/DerivedData/Build/Products/Debug/Virgo.swiftmodule/x86_64-apple-macos.swiftdoc /Users/chanwaichan/workspace/Virgo/.worktrees/midi-input-real-drum-gameplay/DerivedData/Build/Intermediates.noindex/Virgo.build/Debug/Virgo.build/Objects-normal/x86_64/Virgo.swiftdoc (in target 'Virgo' from project 'Virgo')
    cd /Users/chanwaichan/workspace/Virgo/.worktrees/midi-input-real-drum-gameplay
    builtin-copy -exclude .DS_Store -exclude CVS -exclude .svn -exclude .git -exclude .hg -resolve-src-symlinks -rename /Users/chanwaichan/workspace/Virgo/.worktrees/midi-input-real-drum-gameplay/DerivedData/Build/Intermediates.noindex/Virgo.build/Debug/Virgo.build/Objects-normal/x86_64/Virgo.swiftdoc /Users/chanwaichan/workspace/Virgo/.worktrees/midi-input-real-drum-gameplay/DerivedData/Build/Products/Debug/Virgo.swiftmodule/x86_64-apple-macos.swiftdoc

Copy /Users/chanwaichan/workspace/Virgo/.worktrees/midi-input-real-drum-gameplay/DerivedData/Build/Products/Debug/Virgo.swiftmodule/x86_64-apple-macos.abi.json /Users/chanwaichan/workspace/Virgo/.worktrees/midi-input-real-drum-gameplay/DerivedData/Build/Intermediates.noindex/Virgo.build/Debug/Virgo.build/Objects-normal/x86_64/Virgo.abi.json (in target 'Virgo' from project 'Virgo')
    cd /Users/chanwaichan/workspace/Virgo/.worktrees/midi-input-real-drum-gameplay
    builtin-copy -exclude .DS_Store -exclude CVS -exclude .svn -exclude .git -exclude .hg -resolve-src-symlinks -rename /Users/chanwaichan/workspace/Virgo/.worktrees/midi-input-real-drum-gameplay/DerivedData/Build/Intermediates.noindex/Virgo.build/Debug/Virgo.build/Objects-normal/x86_64/Virgo.abi.json /Users/chanwaichan/workspace/Virgo/.worktrees/midi-input-real-drum-gameplay/DerivedData/Build/Products/Debug/Virgo.swiftmodule/x86_64-apple-macos.abi.json

Copy /Users/chanwaichan/workspace/Virgo/.worktrees/midi-input-real-drum-gameplay/DerivedData/Build/Products/Debug/Virgo.swiftmodule/Project/x86_64-apple-macos.swiftsourceinfo /Users/chanwaichan/workspace/Virgo/.worktrees/midi-input-real-drum-gameplay/DerivedData/Build/Intermediates.noindex/Virgo.build/Debug/Virgo.build/Objects-normal/x86_64/Virgo.swiftsourceinfo (in target 'Virgo' from project 'Virgo')
    cd /Users/chanwaichan/workspace/Virgo/.worktrees/midi-input-real-drum-gameplay
    builtin-copy -exclude .DS_Store -exclude CVS -exclude .svn -exclude .git -exclude .hg -resolve-src-symlinks -rename /Users/chanwaichan/workspace/Virgo/.worktrees/midi-input-real-drum-gameplay/DerivedData/Build/Intermediates.noindex/Virgo.build/Debug/Virgo.build/Objects-normal/x86_64/Virgo.swiftsourceinfo /Users/chanwaichan/workspace/Virgo/.worktrees/midi-input-real-drum-gameplay/DerivedData/Build/Products/Debug/Virgo.swiftmodule/Project/x86_64-apple-macos.swiftsourceinfo

Ld /Users/chanwaichan/workspace/Virgo/.worktrees/midi-input-real-drum-gameplay/DerivedData/Build/Intermediates.noindex/Virgo.build/Debug/Virgo.build/Objects-normal/arm64/Binary/Virgo.debug.dylib normal arm64 (in target 'Virgo' from project 'Virgo')
    cd /Users/chanwaichan/workspace/Virgo/.worktrees/midi-input-real-drum-gameplay
    /Applications/Xcode.app/Contents/Developer/Toolchains/XcodeDefault.xctoolchain/usr/bin/clang -Xlinker -reproducible -target arm64-apple-macos14.0 -dynamiclib -isysroot /Applications/Xcode.app/Contents/Developer/Platforms/MacOSX.platform/Developer/SDKs/MacOSX26.4.sdk -O0 -L/Users/chanwaichan/workspace/Virgo/.worktrees/midi-input-real-drum-gameplay/DerivedData/Build/Intermediates.noindex/EagerLinkingTBDs/Debug -L/Users/chanwaichan/workspace/Virgo/.worktrees/midi-input-real-drum-gameplay/DerivedData/Build/Products/Debug -F/Users/chanwaichan/workspace/Virgo/.worktrees/midi-input-real-drum-gameplay/DerivedData/Build/Intermediates.noindex/EagerLinkingTBDs/Debug -F/Users/chanwaichan/workspace/Virgo/.worktrees/midi-input-real-drum-gameplay/DerivedData/Build/Products/Debug -filelist /Users/chanwaichan/workspace/Virgo/.worktrees/midi-input-real-drum-gameplay/DerivedData/Build/Intermediates.noindex/Virgo.build/Debug/Virgo.build/Objects-normal/arm64/Virgo.LinkFileList -install_name @rpath/Virgo.debug.dylib -Xlinker -rpath -Xlinker /usr/lib/swift -Xlinker -rpath -Xlinker @executable_path/../Frameworks -Xlinker -object_path_lto -Xlinker /Users/chanwaichan/workspace/Virgo/.worktrees/midi-input-real-drum-gameplay/DerivedData/Build/Intermediates.noindex/Virgo.build/Debug/Virgo.build/Objects-normal/arm64/Virgo_lto.o -rdynamic -Xlinker -no_deduplicate -Xlinker -debug_variant -Xlinker -dependency_info -Xlinker /Users/chanwaichan/workspace/Virgo/.worktrees/midi-input-real-drum-gameplay/DerivedData/Build/Intermediates.noindex/Virgo.build/Debug/Virgo.build/Objects-normal/arm64/Virgo_dependency_info.dat -fobjc-link-runtime -fprofile-instr-generate -L/Applications/Xcode.app/Contents/Developer/Toolchains/XcodeDefault.xctoolchain/usr/lib/swift/macosx -L/usr/lib/swift -Xlinker -add_ast_path -Xlinker /Users/chanwaichan/workspace/Virgo/.worktrees/midi-input-real-drum-gameplay/DerivedData/Build/Intermediates.noindex/Virgo.build/Debug/Virgo.build/Objects-normal/arm64/Virgo.swiftmodule @/Users/chanwaichan/workspace/Virgo/.worktrees/midi-input-real-drum-gameplay/DerivedData/Build/Intermediates.noindex/Virgo.build/Debug/Virgo.build/Objects-normal/arm64/Virgo-linker-args.resp -Xlinker -alias -Xlinker _main -Xlinker ___debug_main_executable_dylib_entry_point -o /Users/chanwaichan/workspace/Virgo/.worktrees/midi-input-real-drum-gameplay/DerivedData/Build/Intermediates.noindex/Virgo.build/Debug/Virgo.build/Objects-normal/arm64/Binary/Virgo.debug.dylib

SwiftDriver VirgoTests normal x86_64 com.apple.xcode.tools.swift.compiler (in target 'VirgoTests' from project 'Virgo')
    cd /Users/chanwaichan/workspace/Virgo/.worktrees/midi-input-real-drum-gameplay
    builtin-SwiftDriver -- /Applications/Xcode.app/Contents/Developer/Toolchains/XcodeDefault.xctoolchain/usr/bin/swiftc -module-name VirgoTests -Onone @/Users/chanwaichan/workspace/Virgo/.worktrees/midi-input-real-drum-gameplay/DerivedData/Build/Intermediates.noindex/Virgo.build/Debug/VirgoTests.build/Objects-normal/x86_64/VirgoTests.SwiftFileList -DDEBUG -plugin-path /Applications/Xcode.app/Contents/Developer/Toolchains/XcodeDefault.xctoolchain/usr/lib/swift/host/plugins/testing -enable-bare-slash-regex -enable-experimental-feature DebugDescriptionMacro -sdk /Applications/Xcode.app/Contents/Developer/Platforms/MacOSX.platform/Developer/SDKs/MacOSX26.4.sdk -target x86_64-apple-macos14.0 -g -module-cache-path /Users/chanwaichan/workspace/Virgo/.worktrees/midi-input-real-drum-gameplay/DerivedData/ModuleCache.noindex -Xfrontend -serialize-debugging-options -profile-coverage-mapping -profile-generate -enable-testing -index-store-path /Users/chanwaichan/workspace/Virgo/.worktrees/midi-input-real-drum-gameplay/DerivedData/Index.noindex/DataStore -Xcc -D_LIBCPP_HARDENING_MODE\=_LIBCPP_HARDENING_MODE_DEBUG -swift-version 5 -I /Users/chanwaichan/workspace/Virgo/.worktrees/midi-input-real-drum-gameplay/DerivedData/Build/Products/Debug -Isystem /Applications/Xcode.app/Contents/Developer/Platforms/MacOSX.platform/Developer/usr/lib -F /Users/chanwaichan/workspace/Virgo/.worktrees/midi-input-real-drum-gameplay/DerivedData/Build/Products/Debug -F /Applications/Xcode.app/Contents/Developer/Platforms/MacOSX.platform/Developer/Library/Frameworks -c -j10 -enable-batch-mode -incremental -Xcc -ivfsstatcache -Xcc /Users/chanwaichan/workspace/Virgo/.worktrees/midi-input-real-drum-gameplay/DerivedData/SDKStatCaches.noindex/macosx26.4-25E236-30f9ca8789b706f8bd3fc906a70d770f.sdkstatcache -output-file-map /Users/chanwaichan/workspace/Virgo/.worktrees/midi-input-real-drum-gameplay/DerivedData/Build/Intermediates.noindex/Virgo.build/Debug/VirgoTests.build/Objects-normal/x86_64/VirgoTests-OutputFileMap.json -use-frontend-parseable-output -save-temps -no-color-diagnostics -explicit-module-build -module-cache-path /Users/chanwaichan/workspace/Virgo/.worktrees/midi-input-real-drum-gameplay/DerivedData/Build/Intermediates.noindex/SwiftExplicitPrecompiledModules -clang-scanner-module-cache-path /Users/chanwaichan/workspace/Virgo/.worktrees/midi-input-real-drum-gameplay/DerivedData/ModuleCache.noindex -sdk-module-cache-path /Users/chanwaichan/workspace/Virgo/.worktrees/midi-input-real-drum-gameplay/DerivedData/ModuleCache.noindex -serialize-diagnostics -emit-dependencies -emit-module -emit-module-path /Users/chanwaichan/workspace/Virgo/.worktrees/midi-input-real-drum-gameplay/DerivedData/Build/Intermediates.noindex/Virgo.build/Debug/VirgoTests.build/Objects-normal/x86_64/VirgoTests.swiftmodule -validate-clang-modules-once -clang-build-session-file /Users/chanwaichan/workspace/Virgo/.worktrees/midi-input-real-drum-gameplay/DerivedData/ModuleCache.noindex/Session.modulevalidation -Xcc -I/Users/chanwaichan/workspace/Virgo/.worktrees/midi-input-real-drum-gameplay/DerivedData/Build/Intermediates.noindex/Virgo.build/Debug/VirgoTests.build/swift-overrides.hmap -emit-const-values -Xfrontend -const-gather-protocols-file -Xfrontend /Users/chanwaichan/workspace/Virgo/.worktrees/midi-input-real-drum-gameplay/DerivedData/Build/Intermediates.noindex/Virgo.build/Debug/VirgoTests.build/Objects-normal/x86_64/VirgoTests_const_extract_protocols.json -Xcc -iquote -Xcc /Users/chanwaichan/workspace/Virgo/.worktrees/midi-input-real-drum-gameplay/DerivedData/Build/Intermediates.noindex/Virgo.build/Debug/VirgoTests.build/VirgoTests-generated-files.hmap -Xcc -I/Users/chanwaichan/workspace/Virgo/.worktrees/midi-input-real-drum-gameplay/DerivedData/Build/Intermediates.noindex/Virgo.build/Debug/VirgoTests.build/VirgoTests-own-target-headers.hmap -Xcc -I/Users/chanwaichan/workspace/Virgo/.worktrees/midi-input-real-drum-gameplay/DerivedData/Build/Intermediates.noindex/Virgo.build/Debug/VirgoTests.build/VirgoTests-all-target-headers.hmap -Xcc -iquote -Xcc /Users/chanwaichan/workspace/Virgo/.worktrees/midi-input-real-drum-gameplay/DerivedData/Build/Intermediates.noindex/Virgo.build/Debug/VirgoTests.build/VirgoTests-project-headers.hmap -Xcc -I/Users/chanwaichan/workspace/Virgo/.worktrees/midi-input-real-drum-gameplay/DerivedData/Build/Products/Debug/include -Xcc -I/Users/chanwaichan/workspace/Virgo/.worktrees/midi-input-real-drum-gameplay/DerivedData/Build/Intermediates.noindex/Virgo.build/Debug/VirgoTests.build/DerivedSources-normal/x86_64 -Xcc -I/Users/chanwaichan/workspace/Virgo/.worktrees/midi-input-real-drum-gameplay/DerivedData/Build/Intermediates.noindex/Virgo.build/Debug/VirgoTests.build/DerivedSources/x86_64 -Xcc -I/Users/chanwaichan/workspace/Virgo/.worktrees/midi-input-real-drum-gameplay/DerivedData/Build/Intermediates.noindex/Virgo.build/Debug/VirgoTests.build/DerivedSources -Xcc -DDEBUG\=1 -emit-objc-header -emit-objc-header-path /Users/chanwaichan/workspace/Virgo/.worktrees/midi-input-real-drum-gameplay/DerivedData/Build/Intermediates.noindex/Virgo.build/Debug/VirgoTests.build/Objects-normal/x86_64/VirgoTests-Swift.h -working-directory /Users/chanwaichan/workspace/Virgo/.worktrees/midi-input-real-drum-gameplay -experimental-emit-module-separately -disable-cmo

SwiftDriver VirgoTests normal arm64 com.apple.xcode.tools.swift.compiler (in target 'VirgoTests' from project 'Virgo')
    cd /Users/chanwaichan/workspace/Virgo/.worktrees/midi-input-real-drum-gameplay
    builtin-SwiftDriver -- /Applications/Xcode.app/Contents/Developer/Toolchains/XcodeDefault.xctoolchain/usr/bin/swiftc -module-name VirgoTests -Onone @/Users/chanwaichan/workspace/Virgo/.worktrees/midi-input-real-drum-gameplay/DerivedData/Build/Intermediates.noindex/Virgo.build/Debug/VirgoTests.build/Objects-normal/arm64/VirgoTests.SwiftFileList -DDEBUG -plugin-path /Applications/Xcode.app/Contents/Developer/Toolchains/XcodeDefault.xctoolchain/usr/lib/swift/host/plugins/testing -enable-bare-slash-regex -enable-experimental-feature DebugDescriptionMacro -sdk /Applications/Xcode.app/Contents/Developer/Platforms/MacOSX.platform/Developer/SDKs/MacOSX26.4.sdk -target arm64-apple-macos14.0 -g -module-cache-path /Users/chanwaichan/workspace/Virgo/.worktrees/midi-input-real-drum-gameplay/DerivedData/ModuleCache.noindex -Xfrontend -serialize-debugging-options -profile-coverage-mapping -profile-generate -enable-testing -index-store-path /Users/chanwaichan/workspace/Virgo/.worktrees/midi-input-real-drum-gameplay/DerivedData/Index.noindex/DataStore -Xcc -D_LIBCPP_HARDENING_MODE\=_LIBCPP_HARDENING_MODE_DEBUG -swift-version 5 -I /Users/chanwaichan/workspace/Virgo/.worktrees/midi-input-real-drum-gameplay/DerivedData/Build/Products/Debug -Isystem /Applications/Xcode.app/Contents/Developer/Platforms/MacOSX.platform/Developer/usr/lib -F /Users/chanwaichan/workspace/Virgo/.worktrees/midi-input-real-drum-gameplay/DerivedData/Build/Products/Debug -F /Applications/Xcode.app/Contents/Developer/Platforms/MacOSX.platform/Developer/Library/Frameworks -c -j10 -enable-batch-mode -incremental -Xcc -ivfsstatcache -Xcc /Users/chanwaichan/workspace/Virgo/.worktrees/midi-input-real-drum-gameplay/DerivedData/SDKStatCaches.noindex/macosx26.4-25E236-30f9ca8789b706f8bd3fc906a70d770f.sdkstatcache -output-file-map /Users/chanwaichan/workspace/Virgo/.worktrees/midi-input-real-drum-gameplay/DerivedData/Build/Intermediates.noindex/Virgo.build/Debug/VirgoTests.build/Objects-normal/arm64/VirgoTests-OutputFileMap.json -use-frontend-parseable-output -save-temps -no-color-diagnostics -explicit-module-build -module-cache-path /Users/chanwaichan/workspace/Virgo/.worktrees/midi-input-real-drum-gameplay/DerivedData/Build/Intermediates.noindex/SwiftExplicitPrecompiledModules -clang-scanner-module-cache-path /Users/chanwaichan/workspace/Virgo/.worktrees/midi-input-real-drum-gameplay/DerivedData/ModuleCache.noindex -sdk-module-cache-path /Users/chanwaichan/workspace/Virgo/.worktrees/midi-input-real-drum-gameplay/DerivedData/ModuleCache.noindex -serialize-diagnostics -emit-dependencies -emit-module -emit-module-path /Users/chanwaichan/workspace/Virgo/.worktrees/midi-input-real-drum-gameplay/DerivedData/Build/Intermediates.noindex/Virgo.build/Debug/VirgoTests.build/Objects-normal/arm64/VirgoTests.swiftmodule -validate-clang-modules-once -clang-build-session-file /Users/chanwaichan/workspace/Virgo/.worktrees/midi-input-real-drum-gameplay/DerivedData/ModuleCache.noindex/Session.modulevalidation -Xcc -I/Users/chanwaichan/workspace/Virgo/.worktrees/midi-input-real-drum-gameplay/DerivedData/Build/Intermediates.noindex/Virgo.build/Debug/VirgoTests.build/swift-overrides.hmap -emit-const-values -Xfrontend -const-gather-protocols-file -Xfrontend /Users/chanwaichan/workspace/Virgo/.worktrees/midi-input-real-drum-gameplay/DerivedData/Build/Intermediates.noindex/Virgo.build/Debug/VirgoTests.build/Objects-normal/arm64/VirgoTests_const_extract_protocols.json -Xcc -iquote -Xcc /Users/chanwaichan/workspace/Virgo/.worktrees/midi-input-real-drum-gameplay/DerivedData/Build/Intermediates.noindex/Virgo.build/Debug/VirgoTests.build/VirgoTests-generated-files.hmap -Xcc -I/Users/chanwaichan/workspace/Virgo/.worktrees/midi-input-real-drum-gameplay/DerivedData/Build/Intermediates.noindex/Virgo.build/Debug/VirgoTests.build/VirgoTests-own-target-headers.hmap -Xcc -I/Users/chanwaichan/workspace/Virgo/.worktrees/midi-input-real-drum-gameplay/DerivedData/Build/Intermediates.noindex/Virgo.build/Debug/VirgoTests.build/VirgoTests-all-target-headers.hmap -Xcc -iquote -Xcc /Users/chanwaichan/workspace/Virgo/.worktrees/midi-input-real-drum-gameplay/DerivedData/Build/Intermediates.noindex/Virgo.build/Debug/VirgoTests.build/VirgoTests-project-headers.hmap -Xcc -I/Users/chanwaichan/workspace/Virgo/.worktrees/midi-input-real-drum-gameplay/DerivedData/Build/Products/Debug/include -Xcc -I/Users/chanwaichan/workspace/Virgo/.worktrees/midi-input-real-drum-gameplay/DerivedData/Build/Intermediates.noindex/Virgo.build/Debug/VirgoTests.build/DerivedSources-normal/arm64 -Xcc -I/Users/chanwaichan/workspace/Virgo/.worktrees/midi-input-real-drum-gameplay/DerivedData/Build/Intermediates.noindex/Virgo.build/Debug/VirgoTests.build/DerivedSources/arm64 -Xcc -I/Users/chanwaichan/workspace/Virgo/.worktrees/midi-input-real-drum-gameplay/DerivedData/Build/Intermediates.noindex/Virgo.build/Debug/VirgoTests.build/DerivedSources -Xcc -DDEBUG\=1 -emit-objc-header -emit-objc-header-path /Users/chanwaichan/workspace/Virgo/.worktrees/midi-input-real-drum-gameplay/DerivedData/Build/Intermediates.noindex/Virgo.build/Debug/VirgoTests.build/Objects-normal/arm64/VirgoTests-Swift.h -working-directory /Users/chanwaichan/workspace/Virgo/.worktrees/midi-input-real-drum-gameplay -experimental-emit-module-separately -disable-cmo

ProcessInfoPlistFile /Users/chanwaichan/workspace/Virgo/.worktrees/midi-input-real-drum-gameplay/DerivedData/Build/Products/Debug/Virgo.app/Contents/Info.plist /Users/chanwaichan/workspace/Virgo/.worktrees/midi-input-real-drum-gameplay/Virgo/Info.plist (in target 'Virgo' from project 'Virgo')
    cd /Users/chanwaichan/workspace/Virgo/.worktrees/midi-input-real-drum-gameplay
    builtin-infoPlistUtility /Users/chanwaichan/workspace/Virgo/.worktrees/midi-input-real-drum-gameplay/Virgo/Info.plist -producttype com.apple.product-type.application -genpkginfo /Users/chanwaichan/workspace/Virgo/.worktrees/midi-input-real-drum-gameplay/DerivedData/Build/Products/Debug/Virgo.app/Contents/PkgInfo -expandbuildsettings -platform macosx -additionalcontentfile /Users/chanwaichan/workspace/Virgo/.worktrees/midi-input-real-drum-gameplay/DerivedData/Build/Intermediates.noindex/Virgo.build/Debug/Virgo.build/assetcatalog_generated_info.plist -o /Users/chanwaichan/workspace/Virgo/.worktrees/midi-input-real-drum-gameplay/DerivedData/Build/Products/Debug/Virgo.app/Contents/Info.plist
removing value "remote-notification" for "UIBackgroundModes" - not supported on macOS

ConstructStubExecutorLinkFileList /Users/chanwaichan/workspace/Virgo/.worktrees/midi-input-real-drum-gameplay/DerivedData/Build/Intermediates.noindex/Virgo.build/Debug/Virgo.build/Virgo-ExecutorLinkFileList-normal-arm64.txt (in target 'Virgo' from project 'Virgo')
    cd /Users/chanwaichan/workspace/Virgo/.worktrees/midi-input-real-drum-gameplay
    construct-stub-executor-link-file-list /Users/chanwaichan/workspace/Virgo/.worktrees/midi-input-real-drum-gameplay/DerivedData/Build/Intermediates.noindex/Virgo.build/Debug/Virgo.build/Objects-normal/arm64/Binary/Virgo.debug.dylib /Applications/Xcode.app/Contents/Developer/Platforms/MacOSX.platform/Developer/usr/lib/libPreviewsJITStubExecutor_no_swift_entry_point.a /Applications/Xcode.app/Contents/Developer/Platforms/MacOSX.platform/Developer/usr/lib/libPreviewsJITStubExecutor.a --output /Users/chanwaichan/workspace/Virgo/.worktrees/midi-input-real-drum-gameplay/DerivedData/Build/Intermediates.noindex/Virgo.build/Debug/Virgo.build/Virgo-ExecutorLinkFileList-normal-arm64.txt
note: Using stub executor library with Swift entry point. (in target 'Virgo' from project 'Virgo')

ConstructStubExecutorLinkFileList /Users/chanwaichan/workspace/Virgo/.worktrees/midi-input-real-drum-gameplay/DerivedData/Build/Intermediates.noindex/Virgo.build/Debug/Virgo.build/Virgo-ExecutorLinkFileList-normal-x86_64.txt (in target 'Virgo' from project 'Virgo')
    cd /Users/chanwaichan/workspace/Virgo/.worktrees/midi-input-real-drum-gameplay
    construct-stub-executor-link-file-list /Users/chanwaichan/workspace/Virgo/.worktrees/midi-input-real-drum-gameplay/DerivedData/Build/Intermediates.noindex/Virgo.build/Debug/Virgo.build/Objects-normal/x86_64/Binary/Virgo.debug.dylib /Applications/Xcode.app/Contents/Developer/Platforms/MacOSX.platform/Developer/usr/lib/libPreviewsJITStubExecutor_no_swift_entry_point.a /Applications/Xcode.app/Contents/Developer/Platforms/MacOSX.platform/Developer/usr/lib/libPreviewsJITStubExecutor.a --output /Users/chanwaichan/workspace/Virgo/.worktrees/midi-input-real-drum-gameplay/DerivedData/Build/Intermediates.noindex/Virgo.build/Debug/Virgo.build/Virgo-ExecutorLinkFileList-normal-x86_64.txt
note: Using stub executor library with Swift entry point. (in target 'Virgo' from project 'Virgo')

CreateUniversalBinary /Users/chanwaichan/workspace/Virgo/.worktrees/midi-input-real-drum-gameplay/DerivedData/Build/Products/Debug/Virgo.app/Contents/MacOS/Virgo.debug.dylib normal arm64\ x86_64 (in target 'Virgo' from project 'Virgo')
    cd /Users/chanwaichan/workspace/Virgo/.worktrees/midi-input-real-drum-gameplay
    /Applications/Xcode.app/Contents/Developer/Toolchains/XcodeDefault.xctoolchain/usr/bin/lipo -create /Users/chanwaichan/workspace/Virgo/.worktrees/midi-input-real-drum-gameplay/DerivedData/Build/Intermediates.noindex/Virgo.build/Debug/Virgo.build/Objects-normal/arm64/Binary/Virgo.debug.dylib /Users/chanwaichan/workspace/Virgo/.worktrees/midi-input-real-drum-gameplay/DerivedData/Build/Intermediates.noindex/Virgo.build/Debug/Virgo.build/Objects-normal/x86_64/Binary/Virgo.debug.dylib -output /Users/chanwaichan/workspace/Virgo/.worktrees/midi-input-real-drum-gameplay/DerivedData/Build/Products/Debug/Virgo.app/Contents/MacOS/Virgo.debug.dylib

Ld /Users/chanwaichan/workspace/Virgo/.worktrees/midi-input-real-drum-gameplay/DerivedData/Build/Intermediates.noindex/Virgo.build/Debug/Virgo.build/Objects-normal/x86_64/Binary/Virgo normal x86_64 (in target 'Virgo' from project 'Virgo')
    cd /Users/chanwaichan/workspace/Virgo/.worktrees/midi-input-real-drum-gameplay
    /Applications/Xcode.app/Contents/Developer/Toolchains/XcodeDefault.xctoolchain/usr/bin/clang -Xlinker -reproducible -target x86_64-apple-macos14.0 -isysroot /Applications/Xcode.app/Contents/Developer/Platforms/MacOSX.platform/Developer/SDKs/MacOSX26.4.sdk -O0 -L/Users/chanwaichan/workspace/Virgo/.worktrees/midi-input-real-drum-gameplay/DerivedData/Build/Products/Debug -F/Users/chanwaichan/workspace/Virgo/.worktrees/midi-input-real-drum-gameplay/DerivedData/Build/Products/Debug -Xlinker -rpath -Xlinker @executable_path -Xlinker -rpath -Xlinker @executable_path/../Frameworks -rdynamic -Xlinker -no_deduplicate -Xlinker -debug_variant -e ___debug_blank_executor_main -Xlinker -sectcreate -Xlinker __TEXT -Xlinker __debug_dylib -Xlinker /Users/chanwaichan/workspace/Virgo/.worktrees/midi-input-real-drum-gameplay/DerivedData/Build/Intermediates.noindex/Virgo.build/Debug/Virgo.build/Virgo-DebugDylibPath-normal-x86_64.txt -Xlinker -sectcreate -Xlinker __TEXT -Xlinker __debug_instlnm -Xlinker /Users/chanwaichan/workspace/Virgo/.worktrees/midi-input-real-drum-gameplay/DerivedData/Build/Intermediates.noindex/Virgo.build/Debug/Virgo.build/Virgo-DebugDylibInstallName-normal-x86_64.txt -Xlinker -filelist -Xlinker /Users/chanwaichan/workspace/Virgo/.worktrees/midi-input-real-drum-gameplay/DerivedData/Build/Intermediates.noindex/Virgo.build/Debug/Virgo.build/Virgo-ExecutorLinkFileList-normal-x86_64.txt /Users/chanwaichan/workspace/Virgo/.worktrees/midi-input-real-drum-gameplay/DerivedData/Build/Intermediates.noindex/Virgo.build/Debug/Virgo.build/Objects-normal/x86_64/Binary/Virgo.debug.dylib -o /Users/chanwaichan/workspace/Virgo/.worktrees/midi-input-real-drum-gameplay/DerivedData/Build/Intermediates.noindex/Virgo.build/Debug/Virgo.build/Objects-normal/x86_64/Binary/Virgo

Ld /Users/chanwaichan/workspace/Virgo/.worktrees/midi-input-real-drum-gameplay/DerivedData/Build/Intermediates.noindex/Virgo.build/Debug/Virgo.build/Objects-normal/arm64/Binary/Virgo normal arm64 (in target 'Virgo' from project 'Virgo')
    cd /Users/chanwaichan/workspace/Virgo/.worktrees/midi-input-real-drum-gameplay
    /Applications/Xcode.app/Contents/Developer/Toolchains/XcodeDefault.xctoolchain/usr/bin/clang -Xlinker -reproducible -target arm64-apple-macos14.0 -isysroot /Applications/Xcode.app/Contents/Developer/Platforms/MacOSX.platform/Developer/SDKs/MacOSX26.4.sdk -O0 -L/Users/chanwaichan/workspace/Virgo/.worktrees/midi-input-real-drum-gameplay/DerivedData/Build/Products/Debug -F/Users/chanwaichan/workspace/Virgo/.worktrees/midi-input-real-drum-gameplay/DerivedData/Build/Products/Debug -Xlinker -rpath -Xlinker @executable_path -Xlinker -rpath -Xlinker @executable_path/../Frameworks -rdynamic -Xlinker -no_deduplicate -Xlinker -debug_variant -e ___debug_blank_executor_main -Xlinker -sectcreate -Xlinker __TEXT -Xlinker __debug_dylib -Xlinker /Users/chanwaichan/workspace/Virgo/.worktrees/midi-input-real-drum-gameplay/DerivedData/Build/Intermediates.noindex/Virgo.build/Debug/Virgo.build/Virgo-DebugDylibPath-normal-arm64.txt -Xlinker -sectcreate -Xlinker __TEXT -Xlinker __debug_instlnm -Xlinker /Users/chanwaichan/workspace/Virgo/.worktrees/midi-input-real-drum-gameplay/DerivedData/Build/Intermediates.noindex/Virgo.build/Debug/Virgo.build/Virgo-DebugDylibInstallName-normal-arm64.txt -Xlinker -filelist -Xlinker /Users/chanwaichan/workspace/Virgo/.worktrees/midi-input-real-drum-gameplay/DerivedData/Build/Intermediates.noindex/Virgo.build/Debug/Virgo.build/Virgo-ExecutorLinkFileList-normal-arm64.txt /Users/chanwaichan/workspace/Virgo/.worktrees/midi-input-real-drum-gameplay/DerivedData/Build/Intermediates.noindex/Virgo.build/Debug/Virgo.build/Objects-normal/arm64/Binary/Virgo.debug.dylib -o /Users/chanwaichan/workspace/Virgo/.worktrees/midi-input-real-drum-gameplay/DerivedData/Build/Intermediates.noindex/Virgo.build/Debug/Virgo.build/Objects-normal/arm64/Binary/Virgo

CreateUniversalBinary /Users/chanwaichan/workspace/Virgo/.worktrees/midi-input-real-drum-gameplay/DerivedData/Build/Products/Debug/Virgo.app/Contents/MacOS/Virgo normal arm64\ x86_64 (in target 'Virgo' from project 'Virgo')
    cd /Users/chanwaichan/workspace/Virgo/.worktrees/midi-input-real-drum-gameplay
    /Applications/Xcode.app/Contents/Developer/Toolchains/XcodeDefault.xctoolchain/usr/bin/lipo -create /Users/chanwaichan/workspace/Virgo/.worktrees/midi-input-real-drum-gameplay/DerivedData/Build/Intermediates.noindex/Virgo.build/Debug/Virgo.build/Objects-normal/arm64/Binary/Virgo /Users/chanwaichan/workspace/Virgo/.worktrees/midi-input-real-drum-gameplay/DerivedData/Build/Intermediates.noindex/Virgo.build/Debug/Virgo.build/Objects-normal/x86_64/Binary/Virgo -output /Users/chanwaichan/workspace/Virgo/.worktrees/midi-input-real-drum-gameplay/DerivedData/Build/Products/Debug/Virgo.app/Contents/MacOS/Virgo

CopySwiftLibs /Users/chanwaichan/workspace/Virgo/.worktrees/midi-input-real-drum-gameplay/DerivedData/Build/Products/Debug/Virgo.app (in target 'Virgo' from project 'Virgo')
    cd /Users/chanwaichan/workspace/Virgo/.worktrees/midi-input-real-drum-gameplay
    builtin-swiftStdLibTool --copy --verbose --scan-executable /Users/chanwaichan/workspace/Virgo/.worktrees/midi-input-real-drum-gameplay/DerivedData/Build/Products/Debug/Virgo.app/Contents/MacOS/Virgo.debug.dylib --scan-folder /Users/chanwaichan/workspace/Virgo/.worktrees/midi-input-real-drum-gameplay/DerivedData/Build/Products/Debug/Virgo.app/Contents/Frameworks --scan-folder /Users/chanwaichan/workspace/Virgo/.worktrees/midi-input-real-drum-gameplay/DerivedData/Build/Products/Debug/Virgo.app/Contents/PlugIns --scan-folder /Users/chanwaichan/workspace/Virgo/.worktrees/midi-input-real-drum-gameplay/DerivedData/Build/Products/Debug/Virgo.app/Contents/Library/SystemExtensions --scan-folder /Users/chanwaichan/workspace/Virgo/.worktrees/midi-input-real-drum-gameplay/DerivedData/Build/Products/Debug/Virgo.app/Contents/Extensions --platform macosx --toolchain /Applications/Xcode.app/Contents/Developer/Toolchains/XcodeDefault.xctoolchain --destination /Users/chanwaichan/workspace/Virgo/.worktrees/midi-input-real-drum-gameplay/DerivedData/Build/Products/Debug/Virgo.app/Contents/Frameworks --strip-bitcode --strip-bitcode-tool /Applications/Xcode.app/Contents/Developer/Toolchains/XcodeDefault.xctoolchain/usr/bin/bitcode_strip --emit-dependency-info /Users/chanwaichan/workspace/Virgo/.worktrees/midi-input-real-drum-gameplay/DerivedData/Build/Intermediates.noindex/Virgo.build/Debug/Virgo.build/SwiftStdLibToolInputDependencies.dep --filter-for-swift-os --back-deploy-swift-span
Ignoring --strip-bitcode because --sign was not passed

ExtractAppIntentsMetadata (in target 'Virgo' from project 'Virgo')
    cd /Users/chanwaichan/workspace/Virgo/.worktrees/midi-input-real-drum-gameplay
    /Applications/Xcode.app/Contents/Developer/Toolchains/XcodeDefault.xctoolchain/usr/bin/appintentsmetadataprocessor --toolchain-dir /Applications/Xcode.app/Contents/Developer/Toolchains/XcodeDefault.xctoolchain --module-name Virgo --sdk-root /Applications/Xcode.app/Contents/Developer/Platforms/MacOSX.platform/Developer/SDKs/MacOSX26.4.sdk --xcode-version 17E192 --platform-family macOS --deployment-target 14.0 --bundle-identifier cwchanap.Virgo --output /Users/chanwaichan/workspace/Virgo/.worktrees/midi-input-real-drum-gameplay/DerivedData/Build/Products/Debug/Virgo.app/Contents/Resources --target-triple arm64-apple-macos14.0 --target-triple x86_64-apple-macos14.0 --binary-file /Users/chanwaichan/workspace/Virgo/.worktrees/midi-input-real-drum-gameplay/DerivedData/Build/Products/Debug/Virgo.app/Contents/MacOS/Virgo --dependency-file /Users/chanwaichan/workspace/Virgo/.worktrees/midi-input-real-drum-gameplay/DerivedData/Build/Intermediates.noindex/Virgo.build/Debug/Virgo.build/Objects-normal/arm64/Virgo_dependency_info.dat --dependency-file /Users/chanwaichan/workspace/Virgo/.worktrees/midi-input-real-drum-gameplay/DerivedData/Build/Intermediates.noindex/Virgo.build/Debug/Virgo.build/Objects-normal/x86_64/Virgo_dependency_info.dat --stringsdata-file /Users/chanwaichan/workspace/Virgo/.worktrees/midi-input-real-drum-gameplay/DerivedData/Build/Intermediates.noindex/Virgo.build/Debug/Virgo.build/Objects-normal/arm64/ExtractedAppShortcutsMetadata.stringsdata --stringsdata-file /Users/chanwaichan/workspace/Virgo/.worktrees/midi-input-real-drum-gameplay/DerivedData/Build/Intermediates.noindex/Virgo.build/Debug/Virgo.build/Objects-normal/x86_64/ExtractedAppShortcutsMetadata.stringsdata --source-file-list /Users/chanwaichan/workspace/Virgo/.worktrees/midi-input-real-drum-gameplay/DerivedData/Build/Intermediates.noindex/Virgo.build/Debug/Virgo.build/Objects-normal/arm64/Virgo.SwiftFileList --source-file-list /Users/chanwaichan/workspace/Virgo/.worktrees/midi-input-real-drum-gameplay/DerivedData/Build/Intermediates.noindex/Virgo.build/Debug/Virgo.build/Objects-normal/x86_64/Virgo.SwiftFileList --metadata-file-list /Users/chanwaichan/workspace/Virgo/.worktrees/midi-input-real-drum-gameplay/DerivedData/Build/Intermediates.noindex/Virgo.build/Debug/Virgo.build/Virgo.DependencyMetadataFileList --static-metadata-file-list /Users/chanwaichan/workspace/Virgo/.worktrees/midi-input-real-drum-gameplay/DerivedData/Build/Intermediates.noindex/Virgo.build/Debug/Virgo.build/Virgo.DependencyStaticMetadataFileList --swift-const-vals-list /Users/chanwaichan/workspace/Virgo/.worktrees/midi-input-real-drum-gameplay/DerivedData/Build/Intermediates.noindex/Virgo.build/Debug/Virgo.build/Objects-normal/arm64/Virgo.SwiftConstValuesFileList --swift-const-vals-list /Users/chanwaichan/workspace/Virgo/.worktrees/midi-input-real-drum-gameplay/DerivedData/Build/Intermediates.noindex/Virgo.build/Debug/Virgo.build/Objects-normal/x86_64/Virgo.SwiftConstValuesFileList --compile-time-extraction --deployment-aware-processing --validate-assistant-intents --no-app-shortcuts-localization
2026-04-13 00:01:44.348 appintentsmetadataprocessor[4309:23455839] Starting appintentsmetadataprocessor export
2026-04-13 00:01:44.354 appintentsmetadataprocessor[4309:23455839] warning: Metadata extraction skipped. No AppIntents.framework dependency found.

ProcessInfoPlistFile /Users/chanwaichan/workspace/Virgo/.worktrees/midi-input-real-drum-gameplay/DerivedData/Build/Products/Debug/Virgo.app/Contents/PlugIns/VirgoTests.xctest/Contents/Info.plist /Users/chanwaichan/workspace/Virgo/.worktrees/midi-input-real-drum-gameplay/DerivedData/Build/Intermediates.noindex/Virgo.build/Debug/VirgoTests.build/empty-VirgoTests.plist (in target 'VirgoTests' from project 'Virgo')
    cd /Users/chanwaichan/workspace/Virgo/.worktrees/midi-input-real-drum-gameplay
    builtin-infoPlistUtility /Users/chanwaichan/workspace/Virgo/.worktrees/midi-input-real-drum-gameplay/DerivedData/Build/Intermediates.noindex/Virgo.build/Debug/VirgoTests.build/empty-VirgoTests.plist -producttype com.apple.product-type.bundle.unit-test -expandbuildsettings -platform macosx -o /Users/chanwaichan/workspace/Virgo/.worktrees/midi-input-real-drum-gameplay/DerivedData/Build/Products/Debug/Virgo.app/Contents/PlugIns/VirgoTests.xctest/Contents/Info.plist

SwiftExplicitDependencyCompileModuleFromInterface x86_64 /Users/chanwaichan/workspace/Virgo/.worktrees/midi-input-real-drum-gameplay/DerivedData/Build/Intermediates.noindex/SwiftExplicitPrecompiledModules/Testing-1290YIB5MMJOU.swiftmodule

SwiftExplicitDependencyCompileModuleFromInterface arm64 /Users/chanwaichan/workspace/Virgo/.worktrees/midi-input-real-drum-gameplay/DerivedData/Build/Intermediates.noindex/SwiftExplicitPrecompiledModules/Testing-3HN72KXHMKSWH.swiftmodule

SwiftExplicitDependencyCompileModuleFromInterface arm64 /Users/chanwaichan/workspace/Virgo/.worktrees/midi-input-real-drum-gameplay/DerivedData/Build/Intermediates.noindex/SwiftExplicitPrecompiledModules/_Testing_Foundation-1HGCGIRZE8DYJ.swiftmodule

SwiftExplicitDependencyCompileModuleFromInterface x86_64 /Users/chanwaichan/workspace/Virgo/.worktrees/midi-input-real-drum-gameplay/DerivedData/Build/Intermediates.noindex/SwiftExplicitPrecompiledModules/_Testing_CoreGraphics-2L2Y2M103T8RJ.swiftmodule

SwiftExplicitDependencyCompileModuleFromInterface arm64 /Users/chanwaichan/workspace/Virgo/.worktrees/midi-input-real-drum-gameplay/DerivedData/Build/Intermediates.noindex/SwiftExplicitPrecompiledModules/_Testing_CoreGraphics-2M8HP3YELB317.swiftmodule

SwiftExplicitDependencyCompileModuleFromInterface x86_64 /Users/chanwaichan/workspace/Virgo/.worktrees/midi-input-real-drum-gameplay/DerivedData/Build/Intermediates.noindex/SwiftExplicitPrecompiledModules/_Testing_Foundation-3H73PVS0MWXAB.swiftmodule

SwiftExplicitDependencyCompileModuleFromInterface arm64 /Users/chanwaichan/workspace/Virgo/.worktrees/midi-input-real-drum-gameplay/DerivedData/Build/Intermediates.noindex/SwiftExplicitPrecompiledModules/_Testing_AppKit-1NHLWD7Q16WKD.swiftmodule

SwiftExplicitDependencyCompileModuleFromInterface x86_64 /Users/chanwaichan/workspace/Virgo/.worktrees/midi-input-real-drum-gameplay/DerivedData/Build/Intermediates.noindex/SwiftExplicitPrecompiledModules/_Testing_AppKit-1I7S720N095L.swiftmodule

SwiftCompile normal x86_64 Compiling\ MIDIEventRouterTests.swift /Users/chanwaichan/workspace/Virgo/.worktrees/midi-input-real-drum-gameplay/VirgoTests/MIDIEventRouterTests.swift (in target 'VirgoTests' from project 'Virgo')

SwiftCompile normal x86_64 /Users/chanwaichan/workspace/Virgo/.worktrees/midi-input-real-drum-gameplay/VirgoTests/MIDIEventRouterTests.swift (in target 'VirgoTests' from project 'Virgo')
    cd /Users/chanwaichan/workspace/Virgo/.worktrees/midi-input-real-drum-gameplay
    

SwiftEmitModule normal x86_64 Emitting\ module\ for\ VirgoTests (in target 'VirgoTests' from project 'Virgo')
EmitSwiftModule normal x86_64 (in target 'VirgoTests' from project 'Virgo')
    cd /Users/chanwaichan/workspace/Virgo/.worktrees/midi-input-real-drum-gameplay
    
/Users/chanwaichan/workspace/Virgo/.worktrees/midi-input-real-drum-gameplay/VirgoTests/ServerSongDownloaderTests.swift:44:25: warning: class 'MockServerSongFileManager' must restate inherited '@unchecked Sendable' conformance
    private final class MockServerSongFileManager: ServerSongFileManager {
                        ^
                                                                        , @unchecked Sendable
/Users/chanwaichan/workspace/Virgo/.worktrees/midi-input-real-drum-gameplay/VirgoTests/ServerSongServiceTests.swift:80:25: warning: class 'MockServerSongStatusManager' must restate inherited '@unchecked Sendable' conformance
    private final class MockServerSongStatusManager: ServerSongStatusManager {
                        ^
                                                                            , @unchecked Sendable

SwiftCompile normal arm64 Compiling\ MIDIEventRouterTests.swift /Users/chanwaichan/workspace/Virgo/.worktrees/midi-input-real-drum-gameplay/VirgoTests/MIDIEventRouterTests.swift (in target 'VirgoTests' from project 'Virgo')

SwiftCompile normal arm64 /Users/chanwaichan/workspace/Virgo/.worktrees/midi-input-real-drum-gameplay/VirgoTests/MIDIEventRouterTests.swift (in target 'VirgoTests' from project 'Virgo')
    cd /Users/chanwaichan/workspace/Virgo/.worktrees/midi-input-real-drum-gameplay
    

SwiftEmitModule normal arm64 Emitting\ module\ for\ VirgoTests (in target 'VirgoTests' from project 'Virgo')
EmitSwiftModule normal arm64 (in target 'VirgoTests' from project 'Virgo')
    cd /Users/chanwaichan/workspace/Virgo/.worktrees/midi-input-real-drum-gameplay
    
/Users/chanwaichan/workspace/Virgo/.worktrees/midi-input-real-drum-gameplay/VirgoTests/ServerSongDownloaderTests.swift:44:25: warning: class 'MockServerSongFileManager' must restate inherited '@unchecked Sendable' conformance
    private final class MockServerSongFileManager: ServerSongFileManager {
                        ^
                                                                        , @unchecked Sendable
/Users/chanwaichan/workspace/Virgo/.worktrees/midi-input-real-drum-gameplay/VirgoTests/ServerSongServiceTests.swift:80:25: warning: class 'MockServerSongStatusManager' must restate inherited '@unchecked Sendable' conformance
    private final class MockServerSongStatusManager: ServerSongStatusManager {
                        ^
                                                                            , @unchecked Sendable

SwiftDriverJobDiscovery normal arm64 Compiling MIDIEventRouterTests.swift (in target 'VirgoTests' from project 'Virgo')

SwiftDriverJobDiscovery normal x86_64 Compiling MIDIEventRouterTests.swift (in target 'VirgoTests' from project 'Virgo')

SwiftDriver\ Compilation VirgoTests normal x86_64 com.apple.xcode.tools.swift.compiler (in target 'VirgoTests' from project 'Virgo')
    cd /Users/chanwaichan/workspace/Virgo/.worktrees/midi-input-real-drum-gameplay
    builtin-Swift-Compilation -- /Applications/Xcode.app/Contents/Developer/Toolchains/XcodeDefault.xctoolchain/usr/bin/swiftc -module-name VirgoTests -Onone @/Users/chanwaichan/workspace/Virgo/.worktrees/midi-input-real-drum-gameplay/DerivedData/Build/Intermediates.noindex/Virgo.build/Debug/VirgoTests.build/Objects-normal/x86_64/VirgoTests.SwiftFileList -DDEBUG -plugin-path /Applications/Xcode.app/Contents/Developer/Toolchains/XcodeDefault.xctoolchain/usr/lib/swift/host/plugins/testing -enable-bare-slash-regex -enable-experimental-feature DebugDescriptionMacro -sdk /Applications/Xcode.app/Contents/Developer/Platforms/MacOSX.platform/Developer/SDKs/MacOSX26.4.sdk -target x86_64-apple-macos14.0 -g -module-cache-path /Users/chanwaichan/workspace/Virgo/.worktrees/midi-input-real-drum-gameplay/DerivedData/ModuleCache.noindex -Xfrontend -serialize-debugging-options -profile-coverage-mapping -profile-generate -enable-testing -index-store-path /Users/chanwaichan/workspace/Virgo/.worktrees/midi-input-real-drum-gameplay/DerivedData/Index.noindex/DataStore -Xcc -D_LIBCPP_HARDENING_MODE\=_LIBCPP_HARDENING_MODE_DEBUG -swift-version 5 -I /Users/chanwaichan/workspace/Virgo/.worktrees/midi-input-real-drum-gameplay/DerivedData/Build/Products/Debug -Isystem /Applications/Xcode.app/Contents/Developer/Platforms/MacOSX.platform/Developer/usr/lib -F /Users/chanwaichan/workspace/Virgo/.worktrees/midi-input-real-drum-gameplay/DerivedData/Build/Products/Debug -F /Applications/Xcode.app/Contents/Developer/Platforms/MacOSX.platform/Developer/Library/Frameworks -c -j10 -enable-batch-mode -incremental -Xcc -ivfsstatcache -Xcc /Users/chanwaichan/workspace/Virgo/.worktrees/midi-input-real-drum-gameplay/DerivedData/SDKStatCaches.noindex/macosx26.4-25E236-30f9ca8789b706f8bd3fc906a70d770f.sdkstatcache -output-file-map /Users/chanwaichan/workspace/Virgo/.worktrees/midi-input-real-drum-gameplay/DerivedData/Build/Intermediates.noindex/Virgo.build/Debug/VirgoTests.build/Objects-normal/x86_64/VirgoTests-OutputFileMap.json -use-frontend-parseable-output -save-temps -no-color-diagnostics -explicit-module-build -module-cache-path /Users/chanwaichan/workspace/Virgo/.worktrees/midi-input-real-drum-gameplay/DerivedData/Build/Intermediates.noindex/SwiftExplicitPrecompiledModules -clang-scanner-module-cache-path /Users/chanwaichan/workspace/Virgo/.worktrees/midi-input-real-drum-gameplay/DerivedData/ModuleCache.noindex -sdk-module-cache-path /Users/chanwaichan/workspace/Virgo/.worktrees/midi-input-real-drum-gameplay/DerivedData/ModuleCache.noindex -serialize-diagnostics -emit-dependencies -emit-module -emit-module-path /Users/chanwaichan/workspace/Virgo/.worktrees/midi-input-real-drum-gameplay/DerivedData/Build/Intermediates.noindex/Virgo.build/Debug/VirgoTests.build/Objects-normal/x86_64/VirgoTests.swiftmodule -validate-clang-modules-once -clang-build-session-file /Users/chanwaichan/workspace/Virgo/.worktrees/midi-input-real-drum-gameplay/DerivedData/ModuleCache.noindex/Session.modulevalidation -Xcc -I/Users/chanwaichan/workspace/Virgo/.worktrees/midi-input-real-drum-gameplay/DerivedData/Build/Intermediates.noindex/Virgo.build/Debug/VirgoTests.build/swift-overrides.hmap -emit-const-values -Xfrontend -const-gather-protocols-file -Xfrontend /Users/chanwaichan/workspace/Virgo/.worktrees/midi-input-real-drum-gameplay/DerivedData/Build/Intermediates.noindex/Virgo.build/Debug/VirgoTests.build/Objects-normal/x86_64/VirgoTests_const_extract_protocols.json -Xcc -iquote -Xcc /Users/chanwaichan/workspace/Virgo/.worktrees/midi-input-real-drum-gameplay/DerivedData/Build/Intermediates.noindex/Virgo.build/Debug/VirgoTests.build/VirgoTests-generated-files.hmap -Xcc -I/Users/chanwaichan/workspace/Virgo/.worktrees/midi-input-real-drum-gameplay/DerivedData/Build/Intermediates.noindex/Virgo.build/Debug/VirgoTests.build/VirgoTests-own-target-headers.hmap -Xcc -I/Users/chanwaichan/workspace/Virgo/.worktrees/midi-input-real-drum-gameplay/DerivedData/Build/Intermediates.noindex/Virgo.build/Debug/VirgoTests.build/VirgoTests-all-target-headers.hmap -Xcc -iquote -Xcc /Users/chanwaichan/workspace/Virgo/.worktrees/midi-input-real-drum-gameplay/DerivedData/Build/Intermediates.noindex/Virgo.build/Debug/VirgoTests.build/VirgoTests-project-headers.hmap -Xcc -I/Users/chanwaichan/workspace/Virgo/.worktrees/midi-input-real-drum-gameplay/DerivedData/Build/Products/Debug/include -Xcc -I/Users/chanwaichan/workspace/Virgo/.worktrees/midi-input-real-drum-gameplay/DerivedData/Build/Intermediates.noindex/Virgo.build/Debug/VirgoTests.build/DerivedSources-normal/x86_64 -Xcc -I/Users/chanwaichan/workspace/Virgo/.worktrees/midi-input-real-drum-gameplay/DerivedData/Build/Intermediates.noindex/Virgo.build/Debug/VirgoTests.build/DerivedSources/x86_64 -Xcc -I/Users/chanwaichan/workspace/Virgo/.worktrees/midi-input-real-drum-gameplay/DerivedData/Build/Intermediates.noindex/Virgo.build/Debug/VirgoTests.build/DerivedSources -Xcc -DDEBUG\=1 -emit-objc-header -emit-objc-header-path /Users/chanwaichan/workspace/Virgo/.worktrees/midi-input-real-drum-gameplay/DerivedData/Build/Intermediates.noindex/Virgo.build/Debug/VirgoTests.build/Objects-normal/x86_64/VirgoTests-Swift.h -working-directory /Users/chanwaichan/workspace/Virgo/.worktrees/midi-input-real-drum-gameplay -experimental-emit-module-separately -disable-cmo

SwiftDriverJobDiscovery normal arm64 Emitting module for VirgoTests (in target 'VirgoTests' from project 'Virgo')

SwiftDriver\ Compilation\ Requirements VirgoTests normal arm64 com.apple.xcode.tools.swift.compiler (in target 'VirgoTests' from project 'Virgo')
    cd /Users/chanwaichan/workspace/Virgo/.worktrees/midi-input-real-drum-gameplay
    builtin-Swift-Compilation-Requirements -- /Applications/Xcode.app/Contents/Developer/Toolchains/XcodeDefault.xctoolchain/usr/bin/swiftc -module-name VirgoTests -Onone @/Users/chanwaichan/workspace/Virgo/.worktrees/midi-input-real-drum-gameplay/DerivedData/Build/Intermediates.noindex/Virgo.build/Debug/VirgoTests.build/Objects-normal/arm64/VirgoTests.SwiftFileList -DDEBUG -plugin-path /Applications/Xcode.app/Contents/Developer/Toolchains/XcodeDefault.xctoolchain/usr/lib/swift/host/plugins/testing -enable-bare-slash-regex -enable-experimental-feature DebugDescriptionMacro -sdk /Applications/Xcode.app/Contents/Developer/Platforms/MacOSX.platform/Developer/SDKs/MacOSX26.4.sdk -target arm64-apple-macos14.0 -g -module-cache-path /Users/chanwaichan/workspace/Virgo/.worktrees/midi-input-real-drum-gameplay/DerivedData/ModuleCache.noindex -Xfrontend -serialize-debugging-options -profile-coverage-mapping -profile-generate -enable-testing -index-store-path /Users/chanwaichan/workspace/Virgo/.worktrees/midi-input-real-drum-gameplay/DerivedData/Index.noindex/DataStore -Xcc -D_LIBCPP_HARDENING_MODE\=_LIBCPP_HARDENING_MODE_DEBUG -swift-version 5 -I /Users/chanwaichan/workspace/Virgo/.worktrees/midi-input-real-drum-gameplay/DerivedData/Build/Products/Debug -Isystem /Applications/Xcode.app/Contents/Developer/Platforms/MacOSX.platform/Developer/usr/lib -F /Users/chanwaichan/workspace/Virgo/.worktrees/midi-input-real-drum-gameplay/DerivedData/Build/Products/Debug -F /Applications/Xcode.app/Contents/Developer/Platforms/MacOSX.platform/Developer/Library/Frameworks -c -j10 -enable-batch-mode -incremental -Xcc -ivfsstatcache -Xcc /Users/chanwaichan/workspace/Virgo/.worktrees/midi-input-real-drum-gameplay/DerivedData/SDKStatCaches.noindex/macosx26.4-25E236-30f9ca8789b706f8bd3fc906a70d770f.sdkstatcache -output-file-map /Users/chanwaichan/workspace/Virgo/.worktrees/midi-input-real-drum-gameplay/DerivedData/Build/Intermediates.noindex/Virgo.build/Debug/VirgoTests.build/Objects-normal/arm64/VirgoTests-OutputFileMap.json -use-frontend-parseable-output -save-temps -no-color-diagnostics -explicit-module-build -module-cache-path /Users/chanwaichan/workspace/Virgo/.worktrees/midi-input-real-drum-gameplay/DerivedData/Build/Intermediates.noindex/SwiftExplicitPrecompiledModules -clang-scanner-module-cache-path /Users/chanwaichan/workspace/Virgo/.worktrees/midi-input-real-drum-gameplay/DerivedData/ModuleCache.noindex -sdk-module-cache-path /Users/chanwaichan/workspace/Virgo/.worktrees/midi-input-real-drum-gameplay/DerivedData/ModuleCache.noindex -serialize-diagnostics -emit-dependencies -emit-module -emit-module-path /Users/chanwaichan/workspace/Virgo/.worktrees/midi-input-real-drum-gameplay/DerivedData/Build/Intermediates.noindex/Virgo.build/Debug/VirgoTests.build/Objects-normal/arm64/VirgoTests.swiftmodule -validate-clang-modules-once -clang-build-session-file /Users/chanwaichan/workspace/Virgo/.worktrees/midi-input-real-drum-gameplay/DerivedData/ModuleCache.noindex/Session.modulevalidation -Xcc -I/Users/chanwaichan/workspace/Virgo/.worktrees/midi-input-real-drum-gameplay/DerivedData/Build/Intermediates.noindex/Virgo.build/Debug/VirgoTests.build/swift-overrides.hmap -emit-const-values -Xfrontend -const-gather-protocols-file -Xfrontend /Users/chanwaichan/workspace/Virgo/.worktrees/midi-input-real-drum-gameplay/DerivedData/Build/Intermediates.noindex/Virgo.build/Debug/VirgoTests.build/Objects-normal/arm64/VirgoTests_const_extract_protocols.json -Xcc -iquote -Xcc /Users/chanwaichan/workspace/Virgo/.worktrees/midi-input-real-drum-gameplay/DerivedData/Build/Intermediates.noindex/Virgo.build/Debug/VirgoTests.build/VirgoTests-generated-files.hmap -Xcc -I/Users/chanwaichan/workspace/Virgo/.worktrees/midi-input-real-drum-gameplay/DerivedData/Build/Intermediates.noindex/Virgo.build/Debug/VirgoTests.build/VirgoTests-own-target-headers.hmap -Xcc -I/Users/chanwaichan/workspace/Virgo/.worktrees/midi-input-real-drum-gameplay/DerivedData/Build/Intermediates.noindex/Virgo.build/Debug/VirgoTests.build/VirgoTests-all-target-headers.hmap -Xcc -iquote -Xcc /Users/chanwaichan/workspace/Virgo/.worktrees/midi-input-real-drum-gameplay/DerivedData/Build/Intermediates.noindex/Virgo.build/Debug/VirgoTests.build/VirgoTests-project-headers.hmap -Xcc -I/Users/chanwaichan/workspace/Virgo/.worktrees/midi-input-real-drum-gameplay/DerivedData/Build/Products/Debug/include -Xcc -I/Users/chanwaichan/workspace/Virgo/.worktrees/midi-input-real-drum-gameplay/DerivedData/Build/Intermediates.noindex/Virgo.build/Debug/VirgoTests.build/DerivedSources-normal/arm64 -Xcc -I/Users/chanwaichan/workspace/Virgo/.worktrees/midi-input-real-drum-gameplay/DerivedData/Build/Intermediates.noindex/Virgo.build/Debug/VirgoTests.build/DerivedSources/arm64 -Xcc -I/Users/chanwaichan/workspace/Virgo/.worktrees/midi-input-real-drum-gameplay/DerivedData/Build/Intermediates.noindex/Virgo.build/Debug/VirgoTests.build/DerivedSources -Xcc -DDEBUG\=1 -emit-objc-header -emit-objc-header-path /Users/chanwaichan/workspace/Virgo/.worktrees/midi-input-real-drum-gameplay/DerivedData/Build/Intermediates.noindex/Virgo.build/Debug/VirgoTests.build/Objects-normal/arm64/VirgoTests-Swift.h -working-directory /Users/chanwaichan/workspace/Virgo/.worktrees/midi-input-real-drum-gameplay -experimental-emit-module-separately -disable-cmo

SwiftDriver\ Compilation VirgoTests normal arm64 com.apple.xcode.tools.swift.compiler (in target 'VirgoTests' from project 'Virgo')
    cd /Users/chanwaichan/workspace/Virgo/.worktrees/midi-input-real-drum-gameplay
    builtin-Swift-Compilation -- /Applications/Xcode.app/Contents/Developer/Toolchains/XcodeDefault.xctoolchain/usr/bin/swiftc -module-name VirgoTests -Onone @/Users/chanwaichan/workspace/Virgo/.worktrees/midi-input-real-drum-gameplay/DerivedData/Build/Intermediates.noindex/Virgo.build/Debug/VirgoTests.build/Objects-normal/arm64/VirgoTests.SwiftFileList -DDEBUG -plugin-path /Applications/Xcode.app/Contents/Developer/Toolchains/XcodeDefault.xctoolchain/usr/lib/swift/host/plugins/testing -enable-bare-slash-regex -enable-experimental-feature DebugDescriptionMacro -sdk /Applications/Xcode.app/Contents/Developer/Platforms/MacOSX.platform/Developer/SDKs/MacOSX26.4.sdk -target arm64-apple-macos14.0 -g -module-cache-path /Users/chanwaichan/workspace/Virgo/.worktrees/midi-input-real-drum-gameplay/DerivedData/ModuleCache.noindex -Xfrontend -serialize-debugging-options -profile-coverage-mapping -profile-generate -enable-testing -index-store-path /Users/chanwaichan/workspace/Virgo/.worktrees/midi-input-real-drum-gameplay/DerivedData/Index.noindex/DataStore -Xcc -D_LIBCPP_HARDENING_MODE\=_LIBCPP_HARDENING_MODE_DEBUG -swift-version 5 -I /Users/chanwaichan/workspace/Virgo/.worktrees/midi-input-real-drum-gameplay/DerivedData/Build/Products/Debug -Isystem /Applications/Xcode.app/Contents/Developer/Platforms/MacOSX.platform/Developer/usr/lib -F /Users/chanwaichan/workspace/Virgo/.worktrees/midi-input-real-drum-gameplay/DerivedData/Build/Products/Debug -F /Applications/Xcode.app/Contents/Developer/Platforms/MacOSX.platform/Developer/Library/Frameworks -c -j10 -enable-batch-mode -incremental -Xcc -ivfsstatcache -Xcc /Users/chanwaichan/workspace/Virgo/.worktrees/midi-input-real-drum-gameplay/DerivedData/SDKStatCaches.noindex/macosx26.4-25E236-30f9ca8789b706f8bd3fc906a70d770f.sdkstatcache -output-file-map /Users/chanwaichan/workspace/Virgo/.worktrees/midi-input-real-drum-gameplay/DerivedData/Build/Intermediates.noindex/Virgo.build/Debug/VirgoTests.build/Objects-normal/arm64/VirgoTests-OutputFileMap.json -use-frontend-parseable-output -save-temps -no-color-diagnostics -explicit-module-build -module-cache-path /Users/chanwaichan/workspace/Virgo/.worktrees/midi-input-real-drum-gameplay/DerivedData/Build/Intermediates.noindex/SwiftExplicitPrecompiledModules -clang-scanner-module-cache-path /Users/chanwaichan/workspace/Virgo/.worktrees/midi-input-real-drum-gameplay/DerivedData/ModuleCache.noindex -sdk-module-cache-path /Users/chanwaichan/workspace/Virgo/.worktrees/midi-input-real-drum-gameplay/DerivedData/ModuleCache.noindex -serialize-diagnostics -emit-dependencies -emit-module -emit-module-path /Users/chanwaichan/workspace/Virgo/.worktrees/midi-input-real-drum-gameplay/DerivedData/Build/Intermediates.noindex/Virgo.build/Debug/VirgoTests.build/Objects-normal/arm64/VirgoTests.swiftmodule -validate-clang-modules-once -clang-build-session-file /Users/chanwaichan/workspace/Virgo/.worktrees/midi-input-real-drum-gameplay/DerivedData/ModuleCache.noindex/Session.modulevalidation -Xcc -I/Users/chanwaichan/workspace/Virgo/.worktrees/midi-input-real-drum-gameplay/DerivedData/Build/Intermediates.noindex/Virgo.build/Debug/VirgoTests.build/swift-overrides.hmap -emit-const-values -Xfrontend -const-gather-protocols-file -Xfrontend /Users/chanwaichan/workspace/Virgo/.worktrees/midi-input-real-drum-gameplay/DerivedData/Build/Intermediates.noindex/Virgo.build/Debug/VirgoTests.build/Objects-normal/arm64/VirgoTests_const_extract_protocols.json -Xcc -iquote -Xcc /Users/chanwaichan/workspace/Virgo/.worktrees/midi-input-real-drum-gameplay/DerivedData/Build/Intermediates.noindex/Virgo.build/Debug/VirgoTests.build/VirgoTests-generated-files.hmap -Xcc -I/Users/chanwaichan/workspace/Virgo/.worktrees/midi-input-real-drum-gameplay/DerivedData/Build/Intermediates.noindex/Virgo.build/Debug/VirgoTests.build/VirgoTests-own-target-headers.hmap -Xcc -I/Users/chanwaichan/workspace/Virgo/.worktrees/midi-input-real-drum-gameplay/DerivedData/Build/Intermediates.noindex/Virgo.build/Debug/VirgoTests.build/VirgoTests-all-target-headers.hmap -Xcc -iquote -Xcc /Users/chanwaichan/workspace/Virgo/.worktrees/midi-input-real-drum-gameplay/DerivedData/Build/Intermediates.noindex/Virgo.build/Debug/VirgoTests.build/VirgoTests-project-headers.hmap -Xcc -I/Users/chanwaichan/workspace/Virgo/.worktrees/midi-input-real-drum-gameplay/DerivedData/Build/Products/Debug/include -Xcc -I/Users/chanwaichan/workspace/Virgo/.worktrees/midi-input-real-drum-gameplay/DerivedData/Build/Intermediates.noindex/Virgo.build/Debug/VirgoTests.build/DerivedSources-normal/arm64 -Xcc -I/Users/chanwaichan/workspace/Virgo/.worktrees/midi-input-real-drum-gameplay/DerivedData/Build/Intermediates.noindex/Virgo.build/Debug/VirgoTests.build/DerivedSources/arm64 -Xcc -I/Users/chanwaichan/workspace/Virgo/.worktrees/midi-input-real-drum-gameplay/DerivedData/Build/Intermediates.noindex/Virgo.build/Debug/VirgoTests.build/DerivedSources -Xcc -DDEBUG\=1 -emit-objc-header -emit-objc-header-path /Users/chanwaichan/workspace/Virgo/.worktrees/midi-input-real-drum-gameplay/DerivedData/Build/Intermediates.noindex/Virgo.build/Debug/VirgoTests.build/Objects-normal/arm64/VirgoTests-Swift.h -working-directory /Users/chanwaichan/workspace/Virgo/.worktrees/midi-input-real-drum-gameplay -experimental-emit-module-separately -disable-cmo

SwiftDriverJobDiscovery normal x86_64 Emitting module for VirgoTests (in target 'VirgoTests' from project 'Virgo')

Copy /Users/chanwaichan/workspace/Virgo/.worktrees/midi-input-real-drum-gameplay/DerivedData/Build/Products/Debug/VirgoTests.swiftmodule/arm64-apple-macos.swiftmodule /Users/chanwaichan/workspace/Virgo/.worktrees/midi-input-real-drum-gameplay/DerivedData/Build/Intermediates.noindex/Virgo.build/Debug/VirgoTests.build/Objects-normal/arm64/VirgoTests.swiftmodule (in target 'VirgoTests' from project 'Virgo')
    cd /Users/chanwaichan/workspace/Virgo/.worktrees/midi-input-real-drum-gameplay
    builtin-copy -exclude .DS_Store -exclude CVS -exclude .svn -exclude .git -exclude .hg -resolve-src-symlinks -rename /Users/chanwaichan/workspace/Virgo/.worktrees/midi-input-real-drum-gameplay/DerivedData/Build/Intermediates.noindex/Virgo.build/Debug/VirgoTests.build/Objects-normal/arm64/VirgoTests.swiftmodule /Users/chanwaichan/workspace/Virgo/.worktrees/midi-input-real-drum-gameplay/DerivedData/Build/Products/Debug/VirgoTests.swiftmodule/arm64-apple-macos.swiftmodule

SwiftDriver\ Compilation\ Requirements VirgoTests normal x86_64 com.apple.xcode.tools.swift.compiler (in target 'VirgoTests' from project 'Virgo')
    cd /Users/chanwaichan/workspace/Virgo/.worktrees/midi-input-real-drum-gameplay
    builtin-Swift-Compilation-Requirements -- /Applications/Xcode.app/Contents/Developer/Toolchains/XcodeDefault.xctoolchain/usr/bin/swiftc -module-name VirgoTests -Onone @/Users/chanwaichan/workspace/Virgo/.worktrees/midi-input-real-drum-gameplay/DerivedData/Build/Intermediates.noindex/Virgo.build/Debug/VirgoTests.build/Objects-normal/x86_64/VirgoTests.SwiftFileList -DDEBUG -plugin-path /Applications/Xcode.app/Contents/Developer/Toolchains/XcodeDefault.xctoolchain/usr/lib/swift/host/plugins/testing -enable-bare-slash-regex -enable-experimental-feature DebugDescriptionMacro -sdk /Applications/Xcode.app/Contents/Developer/Platforms/MacOSX.platform/Developer/SDKs/MacOSX26.4.sdk -target x86_64-apple-macos14.0 -g -module-cache-path /Users/chanwaichan/workspace/Virgo/.worktrees/midi-input-real-drum-gameplay/DerivedData/ModuleCache.noindex -Xfrontend -serialize-debugging-options -profile-coverage-mapping -profile-generate -enable-testing -index-store-path /Users/chanwaichan/workspace/Virgo/.worktrees/midi-input-real-drum-gameplay/DerivedData/Index.noindex/DataStore -Xcc -D_LIBCPP_HARDENING_MODE\=_LIBCPP_HARDENING_MODE_DEBUG -swift-version 5 -I /Users/chanwaichan/workspace/Virgo/.worktrees/midi-input-real-drum-gameplay/DerivedData/Build/Products/Debug -Isystem /Applications/Xcode.app/Contents/Developer/Platforms/MacOSX.platform/Developer/usr/lib -F /Users/chanwaichan/workspace/Virgo/.worktrees/midi-input-real-drum-gameplay/DerivedData/Build/Products/Debug -F /Applications/Xcode.app/Contents/Developer/Platforms/MacOSX.platform/Developer/Library/Frameworks -c -j10 -enable-batch-mode -incremental -Xcc -ivfsstatcache -Xcc /Users/chanwaichan/workspace/Virgo/.worktrees/midi-input-real-drum-gameplay/DerivedData/SDKStatCaches.noindex/macosx26.4-25E236-30f9ca8789b706f8bd3fc906a70d770f.sdkstatcache -output-file-map /Users/chanwaichan/workspace/Virgo/.worktrees/midi-input-real-drum-gameplay/DerivedData/Build/Intermediates.noindex/Virgo.build/Debug/VirgoTests.build/Objects-normal/x86_64/VirgoTests-OutputFileMap.json -use-frontend-parseable-output -save-temps -no-color-diagnostics -explicit-module-build -module-cache-path /Users/chanwaichan/workspace/Virgo/.worktrees/midi-input-real-drum-gameplay/DerivedData/Build/Intermediates.noindex/SwiftExplicitPrecompiledModules -clang-scanner-module-cache-path /Users/chanwaichan/workspace/Virgo/.worktrees/midi-input-real-drum-gameplay/DerivedData/ModuleCache.noindex -sdk-module-cache-path /Users/chanwaichan/workspace/Virgo/.worktrees/midi-input-real-drum-gameplay/DerivedData/ModuleCache.noindex -serialize-diagnostics -emit-dependencies -emit-module -emit-module-path /Users/chanwaichan/workspace/Virgo/.worktrees/midi-input-real-drum-gameplay/DerivedData/Build/Intermediates.noindex/Virgo.build/Debug/VirgoTests.build/Objects-normal/x86_64/VirgoTests.swiftmodule -validate-clang-modules-once -clang-build-session-file /Users/chanwaichan/workspace/Virgo/.worktrees/midi-input-real-drum-gameplay/DerivedData/ModuleCache.noindex/Session.modulevalidation -Xcc -I/Users/chanwaichan/workspace/Virgo/.worktrees/midi-input-real-drum-gameplay/DerivedData/Build/Intermediates.noindex/Virgo.build/Debug/VirgoTests.build/swift-overrides.hmap -emit-const-values -Xfrontend -const-gather-protocols-file -Xfrontend /Users/chanwaichan/workspace/Virgo/.worktrees/midi-input-real-drum-gameplay/DerivedData/Build/Intermediates.noindex/Virgo.build/Debug/VirgoTests.build/Objects-normal/x86_64/VirgoTests_const_extract_protocols.json -Xcc -iquote -Xcc /Users/chanwaichan/workspace/Virgo/.worktrees/midi-input-real-drum-gameplay/DerivedData/Build/Intermediates.noindex/Virgo.build/Debug/VirgoTests.build/VirgoTests-generated-files.hmap -Xcc -I/Users/chanwaichan/workspace/Virgo/.worktrees/midi-input-real-drum-gameplay/DerivedData/Build/Intermediates.noindex/Virgo.build/Debug/VirgoTests.build/VirgoTests-own-target-headers.hmap -Xcc -I/Users/chanwaichan/workspace/Virgo/.worktrees/midi-input-real-drum-gameplay/DerivedData/Build/Intermediates.noindex/Virgo.build/Debug/VirgoTests.build/VirgoTests-all-target-headers.hmap -Xcc -iquote -Xcc /Users/chanwaichan/workspace/Virgo/.worktrees/midi-input-real-drum-gameplay/DerivedData/Build/Intermediates.noindex/Virgo.build/Debug/VirgoTests.build/VirgoTests-project-headers.hmap -Xcc -I/Users/chanwaichan/workspace/Virgo/.worktrees/midi-input-real-drum-gameplay/DerivedData/Build/Products/Debug/include -Xcc -I/Users/chanwaichan/workspace/Virgo/.worktrees/midi-input-real-drum-gameplay/DerivedData/Build/Intermediates.noindex/Virgo.build/Debug/VirgoTests.build/DerivedSources-normal/x86_64 -Xcc -I/Users/chanwaichan/workspace/Virgo/.worktrees/midi-input-real-drum-gameplay/DerivedData/Build/Intermediates.noindex/Virgo.build/Debug/VirgoTests.build/DerivedSources/x86_64 -Xcc -I/Users/chanwaichan/workspace/Virgo/.worktrees/midi-input-real-drum-gameplay/DerivedData/Build/Intermediates.noindex/Virgo.build/Debug/VirgoTests.build/DerivedSources -Xcc -DDEBUG\=1 -emit-objc-header -emit-objc-header-path /Users/chanwaichan/workspace/Virgo/.worktrees/midi-input-real-drum-gameplay/DerivedData/Build/Intermediates.noindex/Virgo.build/Debug/VirgoTests.build/Objects-normal/x86_64/VirgoTests-Swift.h -working-directory /Users/chanwaichan/workspace/Virgo/.worktrees/midi-input-real-drum-gameplay -experimental-emit-module-separately -disable-cmo

Copy /Users/chanwaichan/workspace/Virgo/.worktrees/midi-input-real-drum-gameplay/DerivedData/Build/Products/Debug/VirgoTests.swiftmodule/arm64-apple-macos.abi.json /Users/chanwaichan/workspace/Virgo/.worktrees/midi-input-real-drum-gameplay/DerivedData/Build/Intermediates.noindex/Virgo.build/Debug/VirgoTests.build/Objects-normal/arm64/VirgoTests.abi.json (in target 'VirgoTests' from project 'Virgo')
    cd /Users/chanwaichan/workspace/Virgo/.worktrees/midi-input-real-drum-gameplay
    builtin-copy -exclude .DS_Store -exclude CVS -exclude .svn -exclude .git -exclude .hg -resolve-src-symlinks -rename /Users/chanwaichan/workspace/Virgo/.worktrees/midi-input-real-drum-gameplay/DerivedData/Build/Intermediates.noindex/Virgo.build/Debug/VirgoTests.build/Objects-normal/arm64/VirgoTests.abi.json /Users/chanwaichan/workspace/Virgo/.worktrees/midi-input-real-drum-gameplay/DerivedData/Build/Products/Debug/VirgoTests.swiftmodule/arm64-apple-macos.abi.json

Copy /Users/chanwaichan/workspace/Virgo/.worktrees/midi-input-real-drum-gameplay/DerivedData/Build/Products/Debug/VirgoTests.swiftmodule/Project/arm64-apple-macos.swiftsourceinfo /Users/chanwaichan/workspace/Virgo/.worktrees/midi-input-real-drum-gameplay/DerivedData/Build/Intermediates.noindex/Virgo.build/Debug/VirgoTests.build/Objects-normal/arm64/VirgoTests.swiftsourceinfo (in target 'VirgoTests' from project 'Virgo')
    cd /Users/chanwaichan/workspace/Virgo/.worktrees/midi-input-real-drum-gameplay
    builtin-copy -exclude .DS_Store -exclude CVS -exclude .svn -exclude .git -exclude .hg -resolve-src-symlinks -rename /Users/chanwaichan/workspace/Virgo/.worktrees/midi-input-real-drum-gameplay/DerivedData/Build/Intermediates.noindex/Virgo.build/Debug/VirgoTests.build/Objects-normal/arm64/VirgoTests.swiftsourceinfo /Users/chanwaichan/workspace/Virgo/.worktrees/midi-input-real-drum-gameplay/DerivedData/Build/Products/Debug/VirgoTests.swiftmodule/Project/arm64-apple-macos.swiftsourceinfo

Ld /Users/chanwaichan/workspace/Virgo/.worktrees/midi-input-real-drum-gameplay/DerivedData/Build/Intermediates.noindex/Virgo.build/Debug/VirgoTests.build/Objects-normal/x86_64/Binary/VirgoTests normal x86_64 (in target 'VirgoTests' from project 'Virgo')
    cd /Users/chanwaichan/workspace/Virgo/.worktrees/midi-input-real-drum-gameplay
    /Applications/Xcode.app/Contents/Developer/Toolchains/XcodeDefault.xctoolchain/usr/bin/clang -Xlinker -reproducible -target x86_64-apple-macos14.0 -bundle -isysroot /Applications/Xcode.app/Contents/Developer/Platforms/MacOSX.platform/Developer/SDKs/MacOSX26.4.sdk -O0 -L/Users/chanwaichan/workspace/Virgo/.worktrees/midi-input-real-drum-gameplay/DerivedData/Build/Intermediates.noindex/EagerLinkingTBDs/Debug -L/Users/chanwaichan/workspace/Virgo/.worktrees/midi-input-real-drum-gameplay/DerivedData/Build/Products/Debug -L/Applications/Xcode.app/Contents/Developer/Platforms/MacOSX.platform/Developer/usr/lib -F/Users/chanwaichan/workspace/Virgo/.worktrees/midi-input-real-drum-gameplay/DerivedData/Build/Intermediates.noindex/EagerLinkingTBDs/Debug -F/Users/chanwaichan/workspace/Virgo/.worktrees/midi-input-real-drum-gameplay/DerivedData/Build/Products/Debug -iframework /Applications/Xcode.app/Contents/Developer/Platforms/MacOSX.platform/Developer/Library/Frameworks -filelist /Users/chanwaichan/workspace/Virgo/.worktrees/midi-input-real-drum-gameplay/DerivedData/Build/Intermediates.noindex/Virgo.build/Debug/VirgoTests.build/Objects-normal/x86_64/VirgoTests.LinkFileList -Xlinker -rpath -Xlinker /usr/lib/swift -Xlinker -rpath -Xlinker @loader_path/../Frameworks -Xlinker -rpath -Xlinker @executable_path/../Frameworks -bundle_loader /Users/chanwaichan/workspace/Virgo/.worktrees/midi-input-real-drum-gameplay/DerivedData/Build/Products/Debug/Virgo.app/Contents/MacOS/Virgo -Xlinker -object_path_lto -Xlinker /Users/chanwaichan/workspace/Virgo/.worktrees/midi-input-real-drum-gameplay/DerivedData/Build/Intermediates.noindex/Virgo.build/Debug/VirgoTests.build/Objects-normal/x86_64/VirgoTests_lto.o -rdynamic -Xlinker -no_deduplicate -Xlinker -debug_variant -Xlinker -dependency_info -Xlinker /Users/chanwaichan/workspace/Virgo/.worktrees/midi-input-real-drum-gameplay/DerivedData/Build/Intermediates.noindex/Virgo.build/Debug/VirgoTests.build/Objects-normal/x86_64/VirgoTests_dependency_info.dat -fobjc-link-runtime -fprofile-instr-generate -L/Applications/Xcode.app/Contents/Developer/Toolchains/XcodeDefault.xctoolchain/usr/lib/swift/macosx -L/usr/lib/swift -Xlinker -add_ast_path -Xlinker /Users/chanwaichan/workspace/Virgo/.worktrees/midi-input-real-drum-gameplay/DerivedData/Build/Intermediates.noindex/Virgo.build/Debug/VirgoTests.build/Objects-normal/x86_64/VirgoTests.swiftmodule @/Users/chanwaichan/workspace/Virgo/.worktrees/midi-input-real-drum-gameplay/DerivedData/Build/Intermediates.noindex/Virgo.build/Debug/VirgoTests.build/Objects-normal/x86_64/VirgoTests-linker-args.resp -Xlinker -needed_framework -Xlinker XCTest -framework XCTest -Xlinker -needed-lXCTestSwiftSupport -lXCTestSwiftSupport /Users/chanwaichan/workspace/Virgo/.worktrees/midi-input-real-drum-gameplay/DerivedData/Build/Products/Debug/Virgo.app/Contents/MacOS/Virgo.debug.dylib -o /Users/chanwaichan/workspace/Virgo/.worktrees/midi-input-real-drum-gameplay/DerivedData/Build/Intermediates.noindex/Virgo.build/Debug/VirgoTests.build/Objects-normal/x86_64/Binary/VirgoTests

Copy /Users/chanwaichan/workspace/Virgo/.worktrees/midi-input-real-drum-gameplay/DerivedData/Build/Products/Debug/VirgoTests.swiftmodule/x86_64-apple-macos.abi.json /Users/chanwaichan/workspace/Virgo/.worktrees/midi-input-real-drum-gameplay/DerivedData/Build/Intermediates.noindex/Virgo.build/Debug/VirgoTests.build/Objects-normal/x86_64/VirgoTests.abi.json (in target 'VirgoTests' from project 'Virgo')
    cd /Users/chanwaichan/workspace/Virgo/.worktrees/midi-input-real-drum-gameplay
    builtin-copy -exclude .DS_Store -exclude CVS -exclude .svn -exclude .git -exclude .hg -resolve-src-symlinks -rename /Users/chanwaichan/workspace/Virgo/.worktrees/midi-input-real-drum-gameplay/DerivedData/Build/Intermediates.noindex/Virgo.build/Debug/VirgoTests.build/Objects-normal/x86_64/VirgoTests.abi.json /Users/chanwaichan/workspace/Virgo/.worktrees/midi-input-real-drum-gameplay/DerivedData/Build/Products/Debug/VirgoTests.swiftmodule/x86_64-apple-macos.abi.json

Copy /Users/chanwaichan/workspace/Virgo/.worktrees/midi-input-real-drum-gameplay/DerivedData/Build/Products/Debug/VirgoTests.swiftmodule/x86_64-apple-macos.swiftmodule /Users/chanwaichan/workspace/Virgo/.worktrees/midi-input-real-drum-gameplay/DerivedData/Build/Intermediates.noindex/Virgo.build/Debug/VirgoTests.build/Objects-normal/x86_64/VirgoTests.swiftmodule (in target 'VirgoTests' from project 'Virgo')
    cd /Users/chanwaichan/workspace/Virgo/.worktrees/midi-input-real-drum-gameplay
    builtin-copy -exclude .DS_Store -exclude CVS -exclude .svn -exclude .git -exclude .hg -resolve-src-symlinks -rename /Users/chanwaichan/workspace/Virgo/.worktrees/midi-input-real-drum-gameplay/DerivedData/Build/Intermediates.noindex/Virgo.build/Debug/VirgoTests.build/Objects-normal/x86_64/VirgoTests.swiftmodule /Users/chanwaichan/workspace/Virgo/.worktrees/midi-input-real-drum-gameplay/DerivedData/Build/Products/Debug/VirgoTests.swiftmodule/x86_64-apple-macos.swiftmodule

Copy /Users/chanwaichan/workspace/Virgo/.worktrees/midi-input-real-drum-gameplay/DerivedData/Build/Products/Debug/VirgoTests.swiftmodule/Project/x86_64-apple-macos.swiftsourceinfo /Users/chanwaichan/workspace/Virgo/.worktrees/midi-input-real-drum-gameplay/DerivedData/Build/Intermediates.noindex/Virgo.build/Debug/VirgoTests.build/Objects-normal/x86_64/VirgoTests.swiftsourceinfo (in target 'VirgoTests' from project 'Virgo')
    cd /Users/chanwaichan/workspace/Virgo/.worktrees/midi-input-real-drum-gameplay
    builtin-copy -exclude .DS_Store -exclude CVS -exclude .svn -exclude .git -exclude .hg -resolve-src-symlinks -rename /Users/chanwaichan/workspace/Virgo/.worktrees/midi-input-real-drum-gameplay/DerivedData/Build/Intermediates.noindex/Virgo.build/Debug/VirgoTests.build/Objects-normal/x86_64/VirgoTests.swiftsourceinfo /Users/chanwaichan/workspace/Virgo/.worktrees/midi-input-real-drum-gameplay/DerivedData/Build/Products/Debug/VirgoTests.swiftmodule/Project/x86_64-apple-macos.swiftsourceinfo

Ld /Users/chanwaichan/workspace/Virgo/.worktrees/midi-input-real-drum-gameplay/DerivedData/Build/Intermediates.noindex/Virgo.build/Debug/VirgoTests.build/Objects-normal/arm64/Binary/VirgoTests normal arm64 (in target 'VirgoTests' from project 'Virgo')
    cd /Users/chanwaichan/workspace/Virgo/.worktrees/midi-input-real-drum-gameplay
    /Applications/Xcode.app/Contents/Developer/Toolchains/XcodeDefault.xctoolchain/usr/bin/clang -Xlinker -reproducible -target arm64-apple-macos14.0 -bundle -isysroot /Applications/Xcode.app/Contents/Developer/Platforms/MacOSX.platform/Developer/SDKs/MacOSX26.4.sdk -O0 -L/Users/chanwaichan/workspace/Virgo/.worktrees/midi-input-real-drum-gameplay/DerivedData/Build/Intermediates.noindex/EagerLinkingTBDs/Debug -L/Users/chanwaichan/workspace/Virgo/.worktrees/midi-input-real-drum-gameplay/DerivedData/Build/Products/Debug -L/Applications/Xcode.app/Contents/Developer/Platforms/MacOSX.platform/Developer/usr/lib -F/Users/chanwaichan/workspace/Virgo/.worktrees/midi-input-real-drum-gameplay/DerivedData/Build/Intermediates.noindex/EagerLinkingTBDs/Debug -F/Users/chanwaichan/workspace/Virgo/.worktrees/midi-input-real-drum-gameplay/DerivedData/Build/Products/Debug -iframework /Applications/Xcode.app/Contents/Developer/Platforms/MacOSX.platform/Developer/Library/Frameworks -filelist /Users/chanwaichan/workspace/Virgo/.worktrees/midi-input-real-drum-gameplay/DerivedData/Build/Intermediates.noindex/Virgo.build/Debug/VirgoTests.build/Objects-normal/arm64/VirgoTests.LinkFileList -Xlinker -rpath -Xlinker /usr/lib/swift -Xlinker -rpath -Xlinker @loader_path/../Frameworks -Xlinker -rpath -Xlinker @executable_path/../Frameworks -bundle_loader /Users/chanwaichan/workspace/Virgo/.worktrees/midi-input-real-drum-gameplay/DerivedData/Build/Products/Debug/Virgo.app/Contents/MacOS/Virgo -Xlinker -object_path_lto -Xlinker /Users/chanwaichan/workspace/Virgo/.worktrees/midi-input-real-drum-gameplay/DerivedData/Build/Intermediates.noindex/Virgo.build/Debug/VirgoTests.build/Objects-normal/arm64/VirgoTests_lto.o -rdynamic -Xlinker -no_deduplicate -Xlinker -debug_variant -Xlinker -dependency_info -Xlinker /Users/chanwaichan/workspace/Virgo/.worktrees/midi-input-real-drum-gameplay/DerivedData/Build/Intermediates.noindex/Virgo.build/Debug/VirgoTests.build/Objects-normal/arm64/VirgoTests_dependency_info.dat -fobjc-link-runtime -fprofile-instr-generate -L/Applications/Xcode.app/Contents/Developer/Toolchains/XcodeDefault.xctoolchain/usr/lib/swift/macosx -L/usr/lib/swift -Xlinker -add_ast_path -Xlinker /Users/chanwaichan/workspace/Virgo/.worktrees/midi-input-real-drum-gameplay/DerivedData/Build/Intermediates.noindex/Virgo.build/Debug/VirgoTests.build/Objects-normal/arm64/VirgoTests.swiftmodule @/Users/chanwaichan/workspace/Virgo/.worktrees/midi-input-real-drum-gameplay/DerivedData/Build/Intermediates.noindex/Virgo.build/Debug/VirgoTests.build/Objects-normal/arm64/VirgoTests-linker-args.resp -Xlinker -needed_framework -Xlinker XCTest -framework XCTest -Xlinker -needed-lXCTestSwiftSupport -lXCTestSwiftSupport /Users/chanwaichan/workspace/Virgo/.worktrees/midi-input-real-drum-gameplay/DerivedData/Build/Products/Debug/Virgo.app/Contents/MacOS/Virgo.debug.dylib -o /Users/chanwaichan/workspace/Virgo/.worktrees/midi-input-real-drum-gameplay/DerivedData/Build/Intermediates.noindex/Virgo.build/Debug/VirgoTests.build/Objects-normal/arm64/Binary/VirgoTests

CreateUniversalBinary /Users/chanwaichan/workspace/Virgo/.worktrees/midi-input-real-drum-gameplay/DerivedData/Build/Products/Debug/Virgo.app/Contents/PlugIns/VirgoTests.xctest/Contents/MacOS/VirgoTests normal arm64\ x86_64 (in target 'VirgoTests' from project 'Virgo')
    cd /Users/chanwaichan/workspace/Virgo/.worktrees/midi-input-real-drum-gameplay
    /Applications/Xcode.app/Contents/Developer/Toolchains/XcodeDefault.xctoolchain/usr/bin/lipo -create /Users/chanwaichan/workspace/Virgo/.worktrees/midi-input-real-drum-gameplay/DerivedData/Build/Intermediates.noindex/Virgo.build/Debug/VirgoTests.build/Objects-normal/arm64/Binary/VirgoTests /Users/chanwaichan/workspace/Virgo/.worktrees/midi-input-real-drum-gameplay/DerivedData/Build/Intermediates.noindex/Virgo.build/Debug/VirgoTests.build/Objects-normal/x86_64/Binary/VirgoTests -output /Users/chanwaichan/workspace/Virgo/.worktrees/midi-input-real-drum-gameplay/DerivedData/Build/Products/Debug/Virgo.app/Contents/PlugIns/VirgoTests.xctest/Contents/MacOS/VirgoTests

CopySwiftLibs /Users/chanwaichan/workspace/Virgo/.worktrees/midi-input-real-drum-gameplay/DerivedData/Build/Products/Debug/Virgo.app/Contents/PlugIns/VirgoTests.xctest (in target 'VirgoTests' from project 'Virgo')
    cd /Users/chanwaichan/workspace/Virgo/.worktrees/midi-input-real-drum-gameplay
    builtin-swiftStdLibTool --copy --verbose --scan-executable /Users/chanwaichan/workspace/Virgo/.worktrees/midi-input-real-drum-gameplay/DerivedData/Build/Products/Debug/Virgo.app/Contents/PlugIns/VirgoTests.xctest/Contents/MacOS/VirgoTests --scan-folder /Users/chanwaichan/workspace/Virgo/.worktrees/midi-input-real-drum-gameplay/DerivedData/Build/Products/Debug/Virgo.app/Contents/PlugIns/VirgoTests.xctest/Contents/Frameworks --scan-folder /Users/chanwaichan/workspace/Virgo/.worktrees/midi-input-real-drum-gameplay/DerivedData/Build/Products/Debug/Virgo.app/Contents/PlugIns/VirgoTests.xctest/Contents/PlugIns --scan-folder /Users/chanwaichan/workspace/Virgo/.worktrees/midi-input-real-drum-gameplay/DerivedData/Build/Products/Debug/Virgo.app/Contents/PlugIns/VirgoTests.xctest/Contents/Library/SystemExtensions --scan-folder /Users/chanwaichan/workspace/Virgo/.worktrees/midi-input-real-drum-gameplay/DerivedData/Build/Products/Debug/Virgo.app/Contents/PlugIns/VirgoTests.xctest/Contents/Extensions --platform macosx --toolchain /Applications/Xcode.app/Contents/Developer/Toolchains/XcodeDefault.xctoolchain --destination /Users/chanwaichan/workspace/Virgo/.worktrees/midi-input-real-drum-gameplay/DerivedData/Build/Products/Debug/Virgo.app/Contents/PlugIns/VirgoTests.xctest/Contents/Frameworks --strip-bitcode --scan-executable /Applications/Xcode.app/Contents/Developer/Platforms/MacOSX.platform/Developer/usr/lib/libXCTestSwiftSupport.dylib --strip-bitcode-tool /Applications/Xcode.app/Contents/Developer/Toolchains/XcodeDefault.xctoolchain/usr/bin/bitcode_strip --emit-dependency-info /Users/chanwaichan/workspace/Virgo/.worktrees/midi-input-real-drum-gameplay/DerivedData/Build/Intermediates.noindex/Virgo.build/Debug/VirgoTests.build/SwiftStdLibToolInputDependencies.dep --filter-for-swift-os --back-deploy-swift-span
Ignoring --strip-bitcode because --sign was not passed

ExtractAppIntentsMetadata (in target 'VirgoTests' from project 'Virgo')
    cd /Users/chanwaichan/workspace/Virgo/.worktrees/midi-input-real-drum-gameplay
    /Applications/Xcode.app/Contents/Developer/Toolchains/XcodeDefault.xctoolchain/usr/bin/appintentsmetadataprocessor --toolchain-dir /Applications/Xcode.app/Contents/Developer/Toolchains/XcodeDefault.xctoolchain --module-name VirgoTests --sdk-root /Applications/Xcode.app/Contents/Developer/Platforms/MacOSX.platform/Developer/SDKs/MacOSX26.4.sdk --xcode-version 17E192 --platform-family macOS --deployment-target 14.0 --bundle-identifier cwchanap.VirgoTests --output /Users/chanwaichan/workspace/Virgo/.worktrees/midi-input-real-drum-gameplay/DerivedData/Build/Products/Debug/Virgo.app/Contents/PlugIns/VirgoTests.xctest/Contents/Resources --target-triple arm64-apple-macos14.0 --target-triple x86_64-apple-macos14.0 --binary-file /Users/chanwaichan/workspace/Virgo/.worktrees/midi-input-real-drum-gameplay/DerivedData/Build/Products/Debug/Virgo.app/Contents/PlugIns/VirgoTests.xctest/Contents/MacOS/VirgoTests --dependency-file /Users/chanwaichan/workspace/Virgo/.worktrees/midi-input-real-drum-gameplay/DerivedData/Build/Intermediates.noindex/Virgo.build/Debug/VirgoTests.build/Objects-normal/arm64/VirgoTests_dependency_info.dat --dependency-file /Users/chanwaichan/workspace/Virgo/.worktrees/midi-input-real-drum-gameplay/DerivedData/Build/Intermediates.noindex/Virgo.build/Debug/VirgoTests.build/Objects-normal/x86_64/VirgoTests_dependency_info.dat --stringsdata-file /Users/chanwaichan/workspace/Virgo/.worktrees/midi-input-real-drum-gameplay/DerivedData/Build/Intermediates.noindex/Virgo.build/Debug/VirgoTests.build/Objects-normal/arm64/ExtractedAppShortcutsMetadata.stringsdata --stringsdata-file /Users/chanwaichan/workspace/Virgo/.worktrees/midi-input-real-drum-gameplay/DerivedData/Build/Intermediates.noindex/Virgo.build/Debug/VirgoTests.build/Objects-normal/x86_64/ExtractedAppShortcutsMetadata.stringsdata --source-file-list /Users/chanwaichan/workspace/Virgo/.worktrees/midi-input-real-drum-gameplay/DerivedData/Build/Intermediates.noindex/Virgo.build/Debug/VirgoTests.build/Objects-normal/arm64/VirgoTests.SwiftFileList --source-file-list /Users/chanwaichan/workspace/Virgo/.worktrees/midi-input-real-drum-gameplay/DerivedData/Build/Intermediates.noindex/Virgo.build/Debug/VirgoTests.build/Objects-normal/x86_64/VirgoTests.SwiftFileList --metadata-file-list /Users/chanwaichan/workspace/Virgo/.worktrees/midi-input-real-drum-gameplay/DerivedData/Build/Intermediates.noindex/Virgo.build/Debug/VirgoTests.build/VirgoTests.DependencyMetadataFileList --static-metadata-file-list /Users/chanwaichan/workspace/Virgo/.worktrees/midi-input-real-drum-gameplay/DerivedData/Build/Intermediates.noindex/Virgo.build/Debug/VirgoTests.build/VirgoTests.DependencyStaticMetadataFileList --swift-const-vals-list /Users/chanwaichan/workspace/Virgo/.worktrees/midi-input-real-drum-gameplay/DerivedData/Build/Intermediates.noindex/Virgo.build/Debug/VirgoTests.build/Objects-normal/arm64/VirgoTests.SwiftConstValuesFileList --swift-const-vals-list /Users/chanwaichan/workspace/Virgo/.worktrees/midi-input-real-drum-gameplay/DerivedData/Build/Intermediates.noindex/Virgo.build/Debug/VirgoTests.build/Objects-normal/x86_64/VirgoTests.SwiftConstValuesFileList --compile-time-extraction --deployment-aware-processing --validate-assistant-intents --no-app-shortcuts-localization
2026-04-13 00:01:48.983 appintentsmetadataprocessor[4331:23455940] Starting appintentsmetadataprocessor export
2026-04-13 00:01:48.985 appintentsmetadataprocessor[4331:23455940] warning: Metadata extraction skipped. No AppIntents.framework dependency found.

Validate /Users/chanwaichan/workspace/Virgo/.worktrees/midi-input-real-drum-gameplay/DerivedData/Build/Products/Debug/Virgo.app (in target 'Virgo' from project 'Virgo')
    cd /Users/chanwaichan/workspace/Virgo/.worktrees/midi-input-real-drum-gameplay
    builtin-validationUtility /Users/chanwaichan/workspace/Virgo/.worktrees/midi-input-real-drum-gameplay/DerivedData/Build/Products/Debug/Virgo.app -no-validate-extension -infoplist-subpath Contents/Info.plist

RegisterWithLaunchServices /Users/chanwaichan/workspace/Virgo/.worktrees/midi-input-real-drum-gameplay/DerivedData/Build/Products/Debug/Virgo.app (in target 'Virgo' from project 'Virgo')
    cd /Users/chanwaichan/workspace/Virgo/.worktrees/midi-input-real-drum-gameplay
    /System/Library/Frameworks/CoreServices.framework/Versions/Current/Frameworks/LaunchServices.framework/Versions/Current/Support/lsregister -f -R -trusted /Users/chanwaichan/workspace/Virgo/.worktrees/midi-input-real-drum-gameplay/DerivedData/Build/Products/Debug/Virgo.app

ProcessInfoPlistFile /Users/chanwaichan/workspace/Virgo/.worktrees/midi-input-real-drum-gameplay/DerivedData/Build/Products/Debug/VirgoUITests-Runner.app/Contents/PlugIns/VirgoUITests.xctest/Contents/Info.plist /Users/chanwaichan/workspace/Virgo/.worktrees/midi-input-real-drum-gameplay/DerivedData/Build/Intermediates.noindex/Virgo.build/Debug/VirgoUITests.build/empty-VirgoUITests.plist (in target 'VirgoUITests' from project 'Virgo')
    cd /Users/chanwaichan/workspace/Virgo/.worktrees/midi-input-real-drum-gameplay
    builtin-infoPlistUtility /Users/chanwaichan/workspace/Virgo/.worktrees/midi-input-real-drum-gameplay/DerivedData/Build/Intermediates.noindex/Virgo.build/Debug/VirgoUITests.build/empty-VirgoUITests.plist -producttype com.apple.product-type.bundle.ui-testing -expandbuildsettings -platform macosx -additionalcontentfile /Users/chanwaichan/workspace/Virgo/.worktrees/midi-input-real-drum-gameplay/DerivedData/Build/Intermediates.noindex/Virgo.build/Debug/VirgoUITests.build/ProductTypeInfoPlistAdditions.plist -o /Users/chanwaichan/workspace/Virgo/.worktrees/midi-input-real-drum-gameplay/DerivedData/Build/Products/Debug/VirgoUITests-Runner.app/Contents/PlugIns/VirgoUITests.xctest/Contents/Info.plist

2026-04-13 00:01:50.288645-0700 Virgo[4333:23456028] [Audio] Playback: Test environment - no audio objects created to prevent crashes
2026-04-13 00:01:50.288738-0700 Virgo[4333:23456028] [Audio] Playback: Test environment - MetronomeTimingEngine will simulate timing
2026-04-13 00:01:50.340132-0700 Virgo[4333:23456028] ApplePersistenceIgnoreState: Existing state will not be touched. New state will be written to /var/folders/_k/lkrpcd8516s5x5szmkq1mbvc0000gn/T/cwchanap.Virgo.savedState
Test Suite 'Selected tests' started at 2026-04-13 00:01:50.582.
Test Suite 'VirgoTests.xctest' started at 2026-04-13 00:01:50.582.
Test Suite 'VirgoTests.xctest' passed at 2026-04-13 00:01:50.583.
	 Executed 0 tests, with 0 failures (0 unexpected) in 0.000 (0.000) seconds
Test Suite 'Selected tests' passed at 2026-04-13 00:01:50.583.
	 Executed 0 tests, with 0 failures (0 unexpected) in 0.000 (0.001) seconds
◇ Test run started.
↳ Testing Library Version: 1743
↳ Target Platform: arm64e-apple-macos14.0
◇ Suite MIDIEventRouterTests started.
◇ Test "Ignore note-off, zero velocity, and short packets" started.
◇ Test "Decode all note-on events from every packet" started.
◇ Test "Convert single packet list to MIDIPacketBytes" started.
◇ Test "Convert multi-packet list with MIDIPacketNext" started.
◇ Test "Convert empty packet list" started.
✔ Test "Convert empty packet list" passed after 0.001 seconds.
✔ Test "Ignore note-off, zero velocity, and short packets" passed after 0.001 seconds.
✔ Test "Convert multi-packet list with MIDIPacketNext" passed after 0.001 seconds.
✔ Test "Decode all note-on events from every packet" passed after 0.001 seconds.
✔ Test "Convert single packet list to MIDIPacketBytes" passed after 0.001 seconds.
✔ Suite MIDIEventRouterTests passed after 0.001 seconds.
✔ Test run with 5 tests in 1 suite passed after 0.001 seconds.
2026-04-13 00:01:50.895 xcodebuild[3883:23454528] [MT] IDETestOperationsObserverDebug: 1.714 elapsed -- Testing started completed.
2026-04-13 00:01:50.895 xcodebuild[3883:23454528] [MT] IDETestOperationsObserverDebug: 0.000 sec, +0.000 sec -- start
2026-04-13 00:01:50.895 xcodebuild[3883:23454528] [MT] IDETestOperationsObserverDebug: 1.714 sec, +1.714 sec -- end

Test session results, code coverage, and logs:
	/Users/chanwaichan/workspace/Virgo/.worktrees/midi-input-real-drum-gameplay/DerivedData/Logs/Test/Test-Virgo-2026.04.13_00-01-37--0700.xcresult

** TEST SUCCEEDED **

Testing started
